##########################################
# (1) LINK INFORMATION                   #
##########################################
c:\program files (x86)\renesas\hew\tools\renesas\nc30wa\v545r01\bin\ln30.exe @D:\GitHub\TPiBridge\TPiBridge\Debug\TPiBridge.m16cl

# ID CODE DATA
.ID  "#FFFFFFFFFFFFFF"

# ROM CODE PROTECT DATA
.PROTECT  FFH

# LINK FILE INFORMATION
ncrt0 (D:\GitHub\TPiBridge\TPiBridge\Debug\ncrt0.r30)
	Sep 18 21:25:49 2014

appUSB (D:\GitHub\TPiBridge\iLib\appUSB.r30)
	Sep 18 21:25:02 2014

drvADC (D:\GitHub\TPiBridge\TPiBridge\Debug\drvADC.r30)
	Sep 18 21:25:48 2014

drvBulkDescriptors (D:\GitHub\TPiBridge\iLib\drvBulkDescriptors.r30)
	Sep 18 21:25:02 2014

drvGPIO (D:\GitHub\TPiBridge\TPiBridge\Debug\drvGPIO.r30)
	Sep 18 21:25:48 2014

drvIR (D:\GitHub\TPiBridge\TPiBridge\Debug\drvIR.r30)
	Sep 18 21:25:48 2014

drvLCD (D:\GitHub\TPiBridge\TPiBridge\Debug\drvLCD.r30)
	Sep 18 21:25:49 2014

drvMCU (D:\GitHub\TPiBridge\TPiBridge\Debug\drvMCU.r30)
	Sep 18 21:25:49 2014

drvTPiDE (D:\GitHub\TPiBridge\iLib\drvTPiDE.r30)
	Sep 18 21:25:01 2014

IIC (D:\GitHub\TPiBridge\iLib\IIC.r30)
	Sep 18 21:25:00 2014

IIC_HAL (D:\GitHub\TPiBridge\iLib\IIC_HAL.r30)
	Sep 18 21:25:01 2014

IIC_HAL_MM_M16C6C (D:\GitHub\TPiBridge\iLib\IIC_HAL_MM_M16C6C.r30)
	Sep 18 21:25:01 2014

IIC_HAL_UART_M16C6C (D:\GitHub\TPiBridge\iLib\IIC_HAL_UART_M16C6C.r30)
	Sep 18 21:25:01 2014

main (D:\GitHub\TPiBridge\TPiBridge\Debug\main.r30)
	Sep 18 21:25:48 2014

usb_cdc (D:\GitHub\TPiBridge\iLib\usb_cdc.r30)
	Sep 18 21:25:02 2014

usb_core (D:\GitHub\TPiBridge\iLib\usb_core.r30)
	Sep 18 21:25:02 2014

usb_hal (D:\GitHub\TPiBridge\iLib\usb_hal.r30)
	Sep 18 21:25:02 2014

drvTimer (D:\GitHub\TPiBridge\iLib\drvTimer.r30)
	Sep 18 21:25:01 2014

drvTimer (D:\GitHub\TPiBridge\TPiBridge\Debug\drvTimer.r30)
	Sep 18 21:25:49 2014

_i4divu (c:\program files (x86)\renesas\hew\tools\renesas\nc30wa\v545r01\lib30\nc30lib.lib)
	Jan  6 15:04:38 2010

abort (c:\program files (x86)\renesas\hew\tools\renesas\nc30wa\v545r01\lib30\nc30lib.lib)
	Jan  6 15:04:41 2010

fprintf (c:\program files (x86)\renesas\hew\tools\renesas\nc30wa\v545r01\lib30\nc30lib.lib)
	Jan  6 15:04:51 2010

fputc (c:\program files (x86)\renesas\hew\tools\renesas\nc30wa\v545r01\lib30\nc30lib.lib)
	Jan  6 15:04:52 2010

init (c:\program files (x86)\renesas\hew\tools\renesas\nc30wa\v545r01\lib30\nc30lib.lib)
	Jan  6 15:04:53 2010

mdata (c:\program files (x86)\renesas\hew\tools\renesas\nc30wa\v545r01\lib30\nc30lib.lib)
	Jan  6 15:04:55 2010

print (c:\program files (x86)\renesas\hew\tools\renesas\nc30wa\v545r01\lib30\nc30lib.lib)
	Jan  6 15:05:08 2010

printf (c:\program files (x86)\renesas\hew\tools\renesas\nc30wa\v545r01\lib30\nc30lib.lib)
	Jan  6 15:05:08 2010

strlen (c:\program files (x86)\renesas\hew\tools\renesas\nc30wa\v545r01\lib30\nc30lib.lib)
	Jan  6 15:05:12 2010

_f8eq (c:\program files (x86)\renesas\hew\tools\renesas\nc30wa\v545r01\lib30\nc30lib.lib)
	Jan  6 15:04:36 2010

_f8ge (c:\program files (x86)\renesas\hew\tools\renesas\nc30wa\v545r01\lib30\nc30lib.lib)
	Jan  6 15:04:36 2010

_f8lt (c:\program files (x86)\renesas\hew\tools\renesas\nc30wa\v545r01\lib30\nc30lib.lib)
	Jan  6 15:04:36 2010

_f8mul (c:\program files (x86)\renesas\hew\tools\renesas\nc30wa\v545r01\lib30\nc30lib.lib)
	Jan  6 15:04:36 2010

_f8ne (c:\program files (x86)\renesas\hew\tools\renesas\nc30wa\v545r01\lib30\nc30lib.lib)
	Jan  6 15:04:37 2010

_i4modu (c:\program files (x86)\renesas\hew\tools\renesas\nc30wa\v545r01\lib30\nc30lib.lib)
	Jan  6 15:04:39 2010

_i8divu (c:\program files (x86)\renesas\hew\tools\renesas\nc30wa\v545r01\lib30\nc30lib.lib)
	Jan  6 15:04:39 2010

_i8modu (c:\program files (x86)\renesas\hew\tools\renesas\nc30wa\v545r01\lib30\nc30lib.lib)
	Jan  6 15:04:40 2010

cdata (c:\program files (x86)\renesas\hew\tools\renesas\nc30wa\v545r01\lib30\nc30lib.lib)
	Jan  6 15:04:44 2010

device (c:\program files (x86)\renesas\hew\tools\renesas\nc30wa\v545r01\lib30\nc30lib.lib)
	Jan  6 15:04:45 2010

fgetc (c:\program files (x86)\renesas\hew\tools\renesas\nc30wa\v545r01\lib30\nc30lib.lib)
	Jan  6 15:04:46 2010


##########################################
# (2) SECTION INFORMATION                #
##########################################
# SECTION                        ATR TYPE    START  LENGTH ALIGN MODULENAME
data_SE                          ABS DATA    000400 000000       ncrt0
bss_SE                           REL DATA    000400 000000 2     ncrt0
data_SO                          REL DATA    000400 000000       ncrt0
bss_SO                           REL DATA    000400 000000       ncrt0
data_NE                          REL DATA    000400 000000 2     ncrt0
                                 REL DATA    000400 000008 2     appUSB
                                 REL DATA    000408 000002 2     usb_cdc
                                 REL DATA    00040A 00002C 2     usb_core
                                 REL DATA    000436 00004A 2     usb_hal
                                 REL DATA    000480 000010 2     mdata
bss_NE                           REL DATA    000490 000000 2     ncrt0
                                 REL DATA    000490 000204 2     appUSB
                                 REL DATA    000694 000902 2     drvIR
                                 REL DATA    000F96 00025E 2     drvTPiDE
                                 REL DATA    0011F4 00004A 2     IIC
                                 REL DATA    00123E 000004 2     IIC_HAL_MM_M16C6C
                                 REL DATA    001242 000004 2     IIC_HAL_UART_M16C6C
                                 REL DATA    001246 000008 2     usb_core
                                 REL DATA    00124E 000006 2     drvTimer
                                 REL DATA    001254 000004 2     fprintf
                                 REL DATA    001258 00003C 2     init
                                 REL DATA    001294 000008 2     mdata
                                 REL DATA    00129C 000108 2     print
data_NO                          REL DATA    0013A4 000000       ncrt0
                                 REL DATA    0013A4 000013       usb_cdc
                                 REL DATA    0013B7 00000D       usb_hal
bss_NO                           REL DATA    0013C4 000000       ncrt0
                                 REL DATA    0013C4 000002       drvIR
                                 REL DATA    0013C6 000002       drvTPiDE
                                 REL DATA    0013C8 000004       IIC_HAL_UART_M16C6C
                                 REL DATA    0013CC 000001       main
                                 REL DATA    0013CD 00000E       usb_cdc
                                 REL DATA    0013DB 00026A       print
istack                           REL DATA    001646 000300 2     ncrt0
stack                            REL DATA    001946 000300 2     ncrt0
heap                             REL DATA    001C46 000300       ncrt0
rom_FE                           ABS ROMDATA 080000 000000       ncrt0
                                 REL ROMDATA 080000 00004E 2     drvBulkDescriptors
                                 REL ROMDATA 08004E 000014 2     IIC
                                 REL ROMDATA 080062 00003C 2     IIC_HAL_MM_M16C6C
                                 REL ROMDATA 08009E 00003C 2     IIC_HAL_UART_M16C6C
                                 REL ROMDATA 0800DA 000004 2     usb_core
rom_FO                           REL ROMDATA 0800DE 000000       ncrt0
                                 REL ROMDATA 0800DE 000043       drvBulkDescriptors
                                 REL ROMDATA 080121 000011       IIC
                                 REL ROMDATA 080132 000009       IIC_HAL_MM_M16C6C
                                 REL ROMDATA 08013B 000213       usb_cdc
                                 REL ROMDATA 08034E 0001E2       usb_core
                                 REL ROMDATA 080530 00053E       usb_hal
                                 REL ROMDATA 080A6E 00000A       print
                                 REL ROMDATA 080A78 000101       cdata
data_SEI                         REL ROMDATA 080B7A 000000 2     ncrt0
data_SOI                         REL ROMDATA 080B7A 000000       ncrt0
data_NEI                         REL ROMDATA 080B7A 000000 2     ncrt0
                                 REL ROMDATA 080B7A 000008       appUSB
                                 REL ROMDATA 080B82 000002       usb_cdc
                                 REL ROMDATA 080B84 00002C       usb_core
                                 REL ROMDATA 080BB0 00004A       usb_hal
                                 REL ROMDATA 080BFA 000010       mdata
data_NOI                         REL ROMDATA 080C0A 000000       ncrt0
                                 REL ROMDATA 080C0A 000013       usb_cdc
                                 REL ROMDATA 080C1D 00000D       usb_hal
program                          REL CODE    080C2A 000000 2     ncrt0
                                 REL CODE    080C2A 000158 2     appUSB
                                 REL CODE    080D82 000029 2     drvADC
                                 REL CODE    080DAC 00002F 2     drvGPIO
                                 REL CODE    080DDC 0000B7 2     drvIR
                                 REL CODE    080E94 00029A 2     drvLCD
                                 REL CODE    08112E 00004E 2     drvMCU
                                 REL CODE    08117C 00090F 2     drvTPiDE
                                 REL CODE    081A8C 000D36 2     IIC
                                 REL CODE    0827C2 000021 2     IIC_HAL
                                 REL CODE    0827E4 000467 2     IIC_HAL_MM_M16C6C
                                 REL CODE    082C4C 00050E 2     IIC_HAL_UART_M16C6C
                                 REL CODE    08315A 00018B 2     main
                                 REL CODE    0832E6 000665 2     usb_cdc
                                 REL CODE    08394C 000519 2     usb_core
                                 REL CODE    083E66 000CB1 2     usb_hal
                                 REL CODE    084B18 00004B 2     drvTimer
                                 REL CODE    084B64 00002B 2     drvTimer
                                 REL CODE    084B90 00004D 2     _i4divu
                                 REL CODE    084BDE 000003 2     abort
                                 REL CODE    084BE2 0000D3 2     fprintf
                                 REL CODE    084CB6 000080 2     fputc
                                 REL CODE    084D36 00009D 2     init
                                 REL CODE    084DD4 001969 2     print
                                 REL CODE    08673E 0000CD 2     printf
                                 REL CODE    08680C 00002B 2     strlen
                                 REL CODE    086838 00007C 2     _f8eq
                                 REL CODE    0868B4 0000A7 2     _f8ge
                                 REL CODE    08695C 0000A7 2     _f8lt
                                 REL CODE    086A04 0002C7 2     _f8mul
                                 REL CODE    086CCC 00007C 2     _f8ne
                                 REL CODE    086D48 00004B 2     _i4modu
                                 REL CODE    086D94 0000F8 2     _i8divu
                                 REL CODE    086E8C 0000CF 2     _i8modu
                                 REL CODE    086F5C 00011F 2     device
                                 REL CODE    08707C 000208 2     fgetc
interrupt                        REL CODE    087284 000000 2     ncrt0
                                 REL CODE    087284 0000A7       ncrt0
program_S                        REL CODE    08732C 000000 2     ncrt0
vector                           ABS ROMDATA 0FFD00 000100       ncrt0
fvector                          ABS ROMDATA 0FFFDC 000024       ncrt0
# Total -------------------------------------------------------------------
                                     DATA           001B45(0006981) Byte(s)
                                     ROMDATA        000D4D(0003405) Byte(s)
                                     CODE           006701(0026369) Byte(s)

##########################################
# VARIABLE VECTOR TABLE INFORMATION      #
##########################################
No.  Address               No.  Address               No.  Address
0    dummy_int             1    dummy_int             2    dummy_int             
3    dummy_int             4    dummy_int             5    dummy_int             
6    dummy_int             7    dummy_int             8    dummy_int             
9    dummy_int             10   dummy_int             11   dummy_int             
12   dummy_int             13   dummy_int             14   dummy_int             
15   dummy_int             16   dummy_int             17   dummy_int             
18   dummy_int             19   dummy_int             20   dummy_int             
21   _TimerA0Handler       22   dummy_int             23   _TimerA2Handler       
24   dummy_int             25   dummy_int             26   _TimerB0InterruptHandler  
27   dummy_int             28   dummy_int             29   dummy_int             
30   _INT1Handler          31   dummy_int             32   dummy_int             
33   dummy_int             34   dummy_int             35   dummy_int             
36   dummy_int             37   dummy_int             38   dummy_int             
39   dummy_int             40   dummy_int             41   dummy_int             
42   dummy_int             43   dummy_int             44   dummy_int             
45   dummy_int             46   dummy_int             47   dummy_int             
48   dummy_int             49   dummy_int             50   dummy_int             
51   dummy_int             52   dummy_int             53   dummy_int             
54   __usb_int0            55   __usb_int1            56   __usb_resume          
57   dummy_int             58   dummy_int             59   _IIC_HAL_MM_Int       
60   dummy_int             61   dummy_int             62   dummy_int             
63   dummy_int             

##########################################
# (3) GLOBAL LABEL INFORMATION           #
##########################################
$CBDoneBulkRead    080d3a  $CB_Done_Dummy     082606  $CB_Read_Dummy     08260e
$IIC_Close         081bc0  $IIC_GetStatus     081fbc  $IIC_HAL_Get_API   0827c2
$IIC_Open          081aa2  $IIC_Read          081efa  $IIC_Reset         081c38
$IIC_SetCallBack   081d58  $IIC_SetSlaveAdd   081d8e  $IIC_SlaveConfig   082588
$IIC_Stop          081f72  $IIC_WaitComplet   081fea  $IIC_Write         081dd0
$IIC_WriteNoStar   081e78  $IIC_WriteNoStop   081e24  $USBCDC_PutChar    0833e8
$USBCORE_Init      08394c  $USBHAL_Cancel     08420c  $USBHAL_Control_   083f00
$USBHAL_Control_   083f5e  $_f8geti           086412  $_inmod            086622
$_pput             087034  $_sput             08701a  $drvADC_Go         080d92
$drvLCD_WriteCom   08105e  $drvLCD_WriteCom   08108a  $drvLCD_WriteDat   0810ce
$drvLCD_WriteDat   0810f2  $drvTimerB0Count   084b2a  $drvTimer_Init     084b64
$exit              087328  $fputc             084cb6  $henkan1           08626e
$henkan2           0862b0  $init_dev          086f5c  $speed             086f7e
_CB_Start_Dummy    082604  _CB_Write_Dummy    082616  _IIC_HAL_MM_Get_   0827e4
_IIC_HAL_MM_Int    0828de  _IIC_HAL_UART_Ge   082c4c  _IIC_HAL_UART_In   082de8
_IIC_HAL_UART_In   082df6  _IIC_HAL_UART_In   082dd6  _INT1Handler       080e12
_TimerA0Handler    084b86  _TimerA2Handler    080e1a  _TimerB0Interrup   084b52
_TimerInterruptH   0832a8  _USBCDC_Cancel     083590  _USBCDC_GetChar    0833be
_USBCDC_Init       0832e6  _USBCDC_IsConnec   08337c  _USBCDC_IsOnLine   083380
_USBCDC_Read       0834c2  _USBCDC_Read_Asy   083538  _USBCDC_Write      083406
_USBCDC_WriteStr   08338c  _USBCDC_Write_As   08346a  _USBHALInterrupt   0846aa
_USBHALInterrupt   084748  _USBHALInterrupt   084764  _USBHAL_Bulk_IN    084058
_USBHAL_Bulk_IN_   084180  _USBHAL_Bulk_OUT   083fcc  _USBHAL_Bulk_OUT   084198
_USBHAL_Config_G   0841c8  _USBHAL_Config_S   0841d2  _USBHAL_Control_   083ed4
_USBHAL_Control_   084168  _USBHAL_Init       083e80  _USBHAL_Interrup   0840e0
_USBHAL_Interrup   0841b0  _USBHAL_Reset      0842aa  __ctype            080a78
__f8eq             086838  __f8ge             0868b4  __f8lt             08695c
__f8mul            086a04  __f8ne             086ccc  __f8prn            085d12
__i4divU           084b90  __i4modU           086d48  __i8divU           086d94
__i8modU           086e8c  __init             084d36  __iob              001258
__memt             000488  __mnext            001294  __msize            001298
__pool             000480  __pri              086304  __print            084dd4
__sget             08700a  __usb_int0         080d54  __usb_int1         080d5e
__usb_resume       080d68  _abort             084bde  _appGetChar        080c3c
_appKbHit          080c2a  _appPutBuf         080cbc  _appUSBWrite       080cf4
_appUSB_IsIdle     080d2c  _drvADC_Init       080d82  _drvGPIO_Init      080dac
_drvIR_Init        080ddc  _drvLCD_Init       080e94  _drvMCU_IE         081176
_drvMCU_Init       08112e  _drvTPiDE_Init     08117c  _drvTPiDE_Schedu   0811b2
_drvTPiDE_Tickin   081696  _drvTimerB0Count   084b24  _drvTimerB0RunTi   084b38
_drvTimerB0RunTi   084b42  _drvTimerB0Start   084b1e  _drvTimerB0Stop    084b18
_exit              087328  _fgetc             08707c  _fprintf           084be2
_gConfigurationD   080006  _gDeviceDescript   080000  _gStringDescript   0800da
_gStringDescript   08000c  _gStringDescript   080012  _gStringDescript   080018
_g_acISPBuf        000494  _g_awIrCapture     000796  _g_awIrPattern     000696
_g_cIrRecorded     0013c4  _g_cTPiDE          0013c6  _g_dwRxSize        000490
_g_pacInfo         000f98  _g_wCaptureCnt     000694  _g_wInfoCnt        000f96
_gau8ConfigDescr   0800de  _gau8DeviceDescr   08001e  _gau8ProductStri   08003a
_gau8StringSeria   080044  _gau8VendorStrin   080030  _halIICGetStatus   081a8c
_halIsUSBConfigO   083e76  _halIsUSBDetach    083e6c  _halUSBDetach      083e66
_main              08315a  _printf            08673e  _strlen            08680c
dummy_int          08732a  start              087284  

##########################################
# (4) GLOBAL EQU SYMBOL INFORMATION      #
##########################################
__SB__           00000400  

##########################################
# (5) GLOBAL EQU BIT-SYMBOL INFORMATION  #
##########################################

##########################################
# (6) LOCAL LABEL INFORMATION            #
##########################################
@ ncrt0 ( D:\GitHub\TPiBridge\TPiBridge\Debug\ncrt0.r30 )
@ appUSB ( D:\GitHub\TPiBridge\iLib\appUSB.r30 )
@ drvADC ( D:\GitHub\TPiBridge\TPiBridge\Debug\drvADC.r30 )
@ drvBulkDescriptors ( D:\GitHub\TPiBridge\iLib\drvBulkDescriptors.r30 )
@ drvGPIO ( D:\GitHub\TPiBridge\TPiBridge\Debug\drvGPIO.r30 )
@ drvIR ( D:\GitHub\TPiBridge\TPiBridge\Debug\drvIR.r30 )
@ drvLCD ( D:\GitHub\TPiBridge\TPiBridge\Debug\drvLCD.r30 )
@ drvMCU ( D:\GitHub\TPiBridge\TPiBridge\Debug\drvMCU.r30 )
@ drvTPiDE ( D:\GitHub\TPiBridge\iLib\drvTPiDE.r30 )
@ IIC ( D:\GitHub\TPiBridge\iLib\IIC.r30 )
@ IIC_HAL ( D:\GitHub\TPiBridge\iLib\IIC_HAL.r30 )
@ IIC_HAL_MM_M16C6C ( D:\GitHub\TPiBridge\iLib\IIC_HAL_MM_M16C6C.r30 )
@ IIC_HAL_UART_M16C6C ( D:\GitHub\TPiBridge\iLib\IIC_HAL_UART_M16C6C.r30 )
@ main ( D:\GitHub\TPiBridge\TPiBridge\Debug\main.r30 )
@ usb_cdc ( D:\GitHub\TPiBridge\iLib\usb_cdc.r30 )
@ usb_core ( D:\GitHub\TPiBridge\iLib\usb_core.r30 )
@ usb_hal ( D:\GitHub\TPiBridge\iLib\usb_hal.r30 )
@ drvTimer ( D:\GitHub\TPiBridge\iLib\drvTimer.r30 )
@ drvTimer ( D:\GitHub\TPiBridge\TPiBridge\Debug\drvTimer.r30 )
@ _i4divu ( c:\program files (x86)\renesas\hew\tools\renesas\nc30wa\v545r01\lib30\nc30lib.lib )
@ abort ( c:\program files (x86)\renesas\hew\tools\renesas\nc30wa\v545r01\lib30\nc30lib.lib )
@ fprintf ( c:\program files (x86)\renesas\hew\tools\renesas\nc30wa\v545r01\lib30\nc30lib.lib )
@ fputc ( c:\program files (x86)\renesas\hew\tools\renesas\nc30wa\v545r01\lib30\nc30lib.lib )
@ init ( c:\program files (x86)\renesas\hew\tools\renesas\nc30wa\v545r01\lib30\nc30lib.lib )
@ mdata ( c:\program files (x86)\renesas\hew\tools\renesas\nc30wa\v545r01\lib30\nc30lib.lib )
@ print ( c:\program files (x86)\renesas\hew\tools\renesas\nc30wa\v545r01\lib30\nc30lib.lib )
@ printf ( c:\program files (x86)\renesas\hew\tools\renesas\nc30wa\v545r01\lib30\nc30lib.lib )
@ strlen ( c:\program files (x86)\renesas\hew\tools\renesas\nc30wa\v545r01\lib30\nc30lib.lib )
@ _f8eq ( c:\program files (x86)\renesas\hew\tools\renesas\nc30wa\v545r01\lib30\nc30lib.lib )
@ _f8ge ( c:\program files (x86)\renesas\hew\tools\renesas\nc30wa\v545r01\lib30\nc30lib.lib )
@ _f8lt ( c:\program files (x86)\renesas\hew\tools\renesas\nc30wa\v545r01\lib30\nc30lib.lib )
@ _f8mul ( c:\program files (x86)\renesas\hew\tools\renesas\nc30wa\v545r01\lib30\nc30lib.lib )
@ _f8ne ( c:\program files (x86)\renesas\hew\tools\renesas\nc30wa\v545r01\lib30\nc30lib.lib )
@ _i4modu ( c:\program files (x86)\renesas\hew\tools\renesas\nc30wa\v545r01\lib30\nc30lib.lib )
@ _i8divu ( c:\program files (x86)\renesas\hew\tools\renesas\nc30wa\v545r01\lib30\nc30lib.lib )
@ _i8modu ( c:\program files (x86)\renesas\hew\tools\renesas\nc30wa\v545r01\lib30\nc30lib.lib )
@ cdata ( c:\program files (x86)\renesas\hew\tools\renesas\nc30wa\v545r01\lib30\nc30lib.lib )
@ device ( c:\program files (x86)\renesas\hew\tools\renesas\nc30wa\v545r01\lib30\nc30lib.lib )
@ fgetc ( c:\program files (x86)\renesas\hew\tools\renesas\nc30wa\v545r01\lib30\nc30lib.lib )

##########################################
# (7) LOCAL EQU SYMBOL INFORMATION       #
##########################################
@ ncrt0 ( D:\GitHub\TPiBridge\TPiBridge\Debug\ncrt0.r30 )
@ appUSB ( D:\GitHub\TPiBridge\iLib\appUSB.r30 )
@ drvADC ( D:\GitHub\TPiBridge\TPiBridge\Debug\drvADC.r30 )
@ drvBulkDescriptors ( D:\GitHub\TPiBridge\iLib\drvBulkDescriptors.r30 )
@ drvGPIO ( D:\GitHub\TPiBridge\TPiBridge\Debug\drvGPIO.r30 )
@ drvIR ( D:\GitHub\TPiBridge\TPiBridge\Debug\drvIR.r30 )
@ drvLCD ( D:\GitHub\TPiBridge\TPiBridge\Debug\drvLCD.r30 )
@ drvMCU ( D:\GitHub\TPiBridge\TPiBridge\Debug\drvMCU.r30 )
@ drvTPiDE ( D:\GitHub\TPiBridge\iLib\drvTPiDE.r30 )
@ IIC ( D:\GitHub\TPiBridge\iLib\IIC.r30 )
@ IIC_HAL ( D:\GitHub\TPiBridge\iLib\IIC_HAL.r30 )
@ IIC_HAL_MM_M16C6C ( D:\GitHub\TPiBridge\iLib\IIC_HAL_MM_M16C6C.r30 )
@ IIC_HAL_UART_M16C6C ( D:\GitHub\TPiBridge\iLib\IIC_HAL_UART_M16C6C.r30 )
@ main ( D:\GitHub\TPiBridge\TPiBridge\Debug\main.r30 )
@ usb_cdc ( D:\GitHub\TPiBridge\iLib\usb_cdc.r30 )
@ usb_core ( D:\GitHub\TPiBridge\iLib\usb_core.r30 )
@ usb_hal ( D:\GitHub\TPiBridge\iLib\usb_hal.r30 )
@ drvTimer ( D:\GitHub\TPiBridge\iLib\drvTimer.r30 )
@ drvTimer ( D:\GitHub\TPiBridge\TPiBridge\Debug\drvTimer.r30 )
@ _i4divu ( c:\program files (x86)\renesas\hew\tools\renesas\nc30wa\v545r01\lib30\nc30lib.lib )
@ abort ( c:\program files (x86)\renesas\hew\tools\renesas\nc30wa\v545r01\lib30\nc30lib.lib )
@ fprintf ( c:\program files (x86)\renesas\hew\tools\renesas\nc30wa\v545r01\lib30\nc30lib.lib )
@ fputc ( c:\program files (x86)\renesas\hew\tools\renesas\nc30wa\v545r01\lib30\nc30lib.lib )
@ init ( c:\program files (x86)\renesas\hew\tools\renesas\nc30wa\v545r01\lib30\nc30lib.lib )
@ mdata ( c:\program files (x86)\renesas\hew\tools\renesas\nc30wa\v545r01\lib30\nc30lib.lib )
@ print ( c:\program files (x86)\renesas\hew\tools\renesas\nc30wa\v545r01\lib30\nc30lib.lib )
@ printf ( c:\program files (x86)\renesas\hew\tools\renesas\nc30wa\v545r01\lib30\nc30lib.lib )
@ strlen ( c:\program files (x86)\renesas\hew\tools\renesas\nc30wa\v545r01\lib30\nc30lib.lib )
@ _f8eq ( c:\program files (x86)\renesas\hew\tools\renesas\nc30wa\v545r01\lib30\nc30lib.lib )
@ _f8ge ( c:\program files (x86)\renesas\hew\tools\renesas\nc30wa\v545r01\lib30\nc30lib.lib )
@ _f8lt ( c:\program files (x86)\renesas\hew\tools\renesas\nc30wa\v545r01\lib30\nc30lib.lib )
@ _f8mul ( c:\program files (x86)\renesas\hew\tools\renesas\nc30wa\v545r01\lib30\nc30lib.lib )
@ _f8ne ( c:\program files (x86)\renesas\hew\tools\renesas\nc30wa\v545r01\lib30\nc30lib.lib )
@ _i4modu ( c:\program files (x86)\renesas\hew\tools\renesas\nc30wa\v545r01\lib30\nc30lib.lib )
@ _i8divu ( c:\program files (x86)\renesas\hew\tools\renesas\nc30wa\v545r01\lib30\nc30lib.lib )
@ _i8modu ( c:\program files (x86)\renesas\hew\tools\renesas\nc30wa\v545r01\lib30\nc30lib.lib )
@ cdata ( c:\program files (x86)\renesas\hew\tools\renesas\nc30wa\v545r01\lib30\nc30lib.lib )
@ device ( c:\program files (x86)\renesas\hew\tools\renesas\nc30wa\v545r01\lib30\nc30lib.lib )
@ fgetc ( c:\program files (x86)\renesas\hew\tools\renesas\nc30wa\v545r01\lib30\nc30lib.lib )

##########################################
# (8) LOCAL EQU BIT-SYMBOL INFORMATION   #
##########################################
@ ncrt0 ( D:\GitHub\TPiBridge\TPiBridge\Debug\ncrt0.r30 )
@ appUSB ( D:\GitHub\TPiBridge\iLib\appUSB.r30 )
@ drvADC ( D:\GitHub\TPiBridge\TPiBridge\Debug\drvADC.r30 )
@ drvBulkDescriptors ( D:\GitHub\TPiBridge\iLib\drvBulkDescriptors.r30 )
@ drvGPIO ( D:\GitHub\TPiBridge\TPiBridge\Debug\drvGPIO.r30 )
@ drvIR ( D:\GitHub\TPiBridge\TPiBridge\Debug\drvIR.r30 )
@ drvLCD ( D:\GitHub\TPiBridge\TPiBridge\Debug\drvLCD.r30 )
@ drvMCU ( D:\GitHub\TPiBridge\TPiBridge\Debug\drvMCU.r30 )
@ drvTPiDE ( D:\GitHub\TPiBridge\iLib\drvTPiDE.r30 )
@ IIC ( D:\GitHub\TPiBridge\iLib\IIC.r30 )
@ IIC_HAL ( D:\GitHub\TPiBridge\iLib\IIC_HAL.r30 )
@ IIC_HAL_MM_M16C6C ( D:\GitHub\TPiBridge\iLib\IIC_HAL_MM_M16C6C.r30 )
@ IIC_HAL_UART_M16C6C ( D:\GitHub\TPiBridge\iLib\IIC_HAL_UART_M16C6C.r30 )
@ main ( D:\GitHub\TPiBridge\TPiBridge\Debug\main.r30 )
@ usb_cdc ( D:\GitHub\TPiBridge\iLib\usb_cdc.r30 )
@ usb_core ( D:\GitHub\TPiBridge\iLib\usb_core.r30 )
@ usb_hal ( D:\GitHub\TPiBridge\iLib\usb_hal.r30 )
@ drvTimer ( D:\GitHub\TPiBridge\iLib\drvTimer.r30 )
@ drvTimer ( D:\GitHub\TPiBridge\TPiBridge\Debug\drvTimer.r30 )
@ _i4divu ( c:\program files (x86)\renesas\hew\tools\renesas\nc30wa\v545r01\lib30\nc30lib.lib )
@ abort ( c:\program files (x86)\renesas\hew\tools\renesas\nc30wa\v545r01\lib30\nc30lib.lib )
@ fprintf ( c:\program files (x86)\renesas\hew\tools\renesas\nc30wa\v545r01\lib30\nc30lib.lib )
@ fputc ( c:\program files (x86)\renesas\hew\tools\renesas\nc30wa\v545r01\lib30\nc30lib.lib )
@ init ( c:\program files (x86)\renesas\hew\tools\renesas\nc30wa\v545r01\lib30\nc30lib.lib )
@ mdata ( c:\program files (x86)\renesas\hew\tools\renesas\nc30wa\v545r01\lib30\nc30lib.lib )
@ print ( c:\program files (x86)\renesas\hew\tools\renesas\nc30wa\v545r01\lib30\nc30lib.lib )
@ printf ( c:\program files (x86)\renesas\hew\tools\renesas\nc30wa\v545r01\lib30\nc30lib.lib )
@ strlen ( c:\program files (x86)\renesas\hew\tools\renesas\nc30wa\v545r01\lib30\nc30lib.lib )
@ _f8eq ( c:\program files (x86)\renesas\hew\tools\renesas\nc30wa\v545r01\lib30\nc30lib.lib )
@ _f8ge ( c:\program files (x86)\renesas\hew\tools\renesas\nc30wa\v545r01\lib30\nc30lib.lib )
@ _f8lt ( c:\program files (x86)\renesas\hew\tools\renesas\nc30wa\v545r01\lib30\nc30lib.lib )
@ _f8mul ( c:\program files (x86)\renesas\hew\tools\renesas\nc30wa\v545r01\lib30\nc30lib.lib )
@ _f8ne ( c:\program files (x86)\renesas\hew\tools\renesas\nc30wa\v545r01\lib30\nc30lib.lib )
@ _i4modu ( c:\program files (x86)\renesas\hew\tools\renesas\nc30wa\v545r01\lib30\nc30lib.lib )
@ _i8divu ( c:\program files (x86)\renesas\hew\tools\renesas\nc30wa\v545r01\lib30\nc30lib.lib )
@ _i8modu ( c:\program files (x86)\renesas\hew\tools\renesas\nc30wa\v545r01\lib30\nc30lib.lib )
@ cdata ( c:\program files (x86)\renesas\hew\tools\renesas\nc30wa\v545r01\lib30\nc30lib.lib )
@ device ( c:\program files (x86)\renesas\hew\tools\renesas\nc30wa\v545r01\lib30\nc30lib.lib )
@ fgetc ( c:\program files (x86)\renesas\hew\tools\renesas\nc30wa\v545r01\lib30\nc30lib.lib )

*** Mapping List ***

SECTION                            START      END         SIZE   ALIGN

data_SE
                                  00000400  00000400         0   1
bss_SE
                                  00000400  00000400         0   2
data_SO
                                  00000400  00000400         0   1
bss_SO
                                  00000400  00000400         0   1
data_NE
                                  00000400  0000048f        90   2
bss_NE
                                  00000490  000013a3       f14   2
data_NO
                                  000013a4  000013c3        20   1
bss_NO
                                  000013c4  00001644       281   1
istack
                                  00001646  00001945       300   2
stack
                                  00001946  00001c45       300   2
heap
                                  00001c46  00001f45       300   1
rom_FE
                                  00080000  000800dd        de   1
rom_FO
                                  000800de  00080b78       a9b   1
data_SEI
                                  00080b7a  00080b7a         0   2
data_SOI
                                  00080b7a  00080b7a         0   1
data_NEI
                                  00080b7a  00080c09        90   2
data_NOI
                                  00080c0a  00080c29        20   1
program
                                  00080c2a  00087283      665a   2
interrupt
                                  00087284  0008732a        a7   2
program_S
                                  0008732c  0008732c         0   2
vector
                                  000ffd00  000ffdff       100   1
fvector
                                  000fffdc  000fffff        24   1

*** Symbol List ***

SECTION=
FILE=                               START        END    SIZE
  SYMBOL                            ADDR        SIZE    INFO      COUNTS  OPT

SECTION=data_SE
FILE=ncrt0
                                  00000400  00000400         0
  __SB__
                                  00000400         0   none ,g         0

SECTION=data_NE
FILE=mdata
                                  00000480  0000048f        10
  __memt
                                  00000488         0   none ,g         0
  __pool
                                  00000480         0   none ,g         0

SECTION=bss_NE
FILE=ncrt0
                                  00000490  00000490         0
  _g_dwRxSize
                                  00000490         0   none ,g         0

FILE=D:/GitHub/TPiBridge/iDrv/drvIR
                                  00000694  00000f95       902
  _g_wCaptureCnt
                                  00000694         2   data ,g         0
  _g_awIrPattern
                                  00000696       100   data ,g         0
  _g_awIrCapture
                                  00000796       800   data ,g         0

FILE=init
                                  00001258  00001293        3c
  __iob
                                  00001258         0   none ,g         0

FILE=mdata
                                  00001294  0000129b         8
  __mnext
                                  00001294         0   none ,g         0
  __msize
                                  00001298         0   none ,g         0

FILE=appUSB
                                  00000490  00000693       204
  _g_acISPBuf
                                  00000494         0   none ,g         0

FILE=drvTPiDE
                                  00000f96  000011f3       25e
  _g_pacInfo
                                  00000f98         0   none ,g         0
  _g_wInfoCnt
                                  00000f96         0   none ,g         0

SECTION=bss_NO
FILE=ncrt0
                                  000013c4  000013c4         0
  _g_cIrRecorded
                                  000013c4         1   data ,g         0

FILE=drvTPiDE
                                  000013c6  000013c7         2
  _g_cTPiDE
                                  000013c6         0   none ,g         0

SECTION=rom_FE
FILE=ncrt0
                                  00080000  00080000         0
  _gDeviceDescriptor
                                  00080000         0   none ,g         0

FILE=drvBulkDescriptors
                                  00080000  0008004d        4e
  _gConfigurationDescriptor
                                  00080006         0   none ,g         0
  _gStringDescriptorManufacturer
                                  0008000c         0   none ,g         0
  _gStringDescriptorProduct
                                  00080012         0   none ,g         0
  _gStringDescriptorSerialNum
                                  00080018         0   none ,g         0
  _gau8DeviceDescriptor_BULK
                                  0008001e         0   none ,g         0
  _gau8ProductStringDescriptor_BULK
                                  0008003a         0   none ,g         0
  _gau8StringSerial
                                  00080044         0   none ,g         0
  _gau8VendorStringDescriptor_BULK
                                  00080030         0   none ,g         0

FILE=usb_core
                                  000800da  000800dd         4
  _gStringDescriptorLanguageIDsData
                                  000800da         0   none ,g         0

SECTION=rom_FO
FILE=ncrt0
                                  000800de  000800de         0
  _gau8ConfigDescriptor_BULK
                                  000800de         0   none ,g         0

FILE=cdata
                                  00080a78  00080b78       101
  __ctype
                                  00080a78         0   none ,g         0

SECTION=program
FILE=ncrt0
                                  00080c2a  00080c2a         0
  _appKbHit
                                  00080c2a         0   none ,g         0

FILE=D:/GitHub/TPiBridge/iDrv/drvADC
                                  00080d82  00080daa        29
  _drvADC_Init
                                  00080d82        10   func ,g         0
  $drvADC_Go
                                  00080d92        19   func ,g         0

FILE=D:/GitHub/TPiBridge/iDrv/drvGPIO
                                  00080dac  00080dda        2f
  _drvGPIO_Init
                                  00080dac        2f   func ,g         0

FILE=D:/GitHub/TPiBridge/iDrv/drvIR
                                  00080ddc  00080e92        b7
  _drvIR_Init
                                  00080ddc        36   func ,g         0
  _INT1Handler
                                  00080e12         8   func ,g         0
  _TimerA2Handler
                                  00080e1a         8   func ,g         0

FILE=D:/GitHub/TPiBridge/iDrv/drvLCD
                                  00080e94  0008112d       29a
  _drvLCD_Init
                                  00080e94       1c9   func ,g         0
  $drvLCD_WriteCommand
                                  0008105e        2d   func ,g         0
  $drvLCD_WriteCommandN
                                  0008108a        44   func ,g         0
  $drvLCD_WriteData
                                  000810ce        24   func ,g         0
  $drvLCD_WriteDataN
                                  000810f2        3c   func ,g         0

FILE=D:/GitHub/TPiBridge/iDrv/drvMCU
                                  0008112e  0008117b        4e
  _drvMCU_Init
                                  0008112e        48   func ,g         0
  _drvMCU_IE
                                  00081176         6   func ,g         0

FILE=D:/GitHub/TPiBridge/iApp/main
                                  0008315a  000832e4       18b
  _main
                                  0008315a       14e   func ,g         0
  _TimerInterruptHandler
                                  000832a8        3d   func ,g         0

FILE=D:/GitHub/TPiBridge/iDrv/drvTimer
                                  00084b18  00084b62        4b
  $drvTimerB0CountSet
                                  00084b2a         0   none ,g         0
  _TimerB0InterruptHandler
                                  00084b52         0   none ,g         0
  _drvTimerB0CountGet
                                  00084b24         0   none ,g         0
  _drvTimerB0RunTimeGet
                                  00084b38         0   none ,g         0
  _drvTimerB0RunTimeSet
                                  00084b42         0   none ,g         0
  _drvTimerB0Start
                                  00084b1e         0   none ,g         0
  _drvTimerB0Stop
                                  00084b18         0   none ,g         0

FILE=_i4divu
                                  00084b90  00084bdc        4d
  __i4divU
                                  00084b90        4d   func ,g         0

FILE=abort
                                  00084bde  00084be0         3
  _abort
                                  00084bde         3   func ,g         0

FILE=fprintf
                                  00084be2  00084cb4        d3
  _fprintf
                                  00084be2        c3   func ,g         0

FILE=fputc
                                  00084cb6  00084d35        80
  $fputc
                                  00084cb6        80   func ,g         0

FILE=init
                                  00084d36  00084dd2        9d
  __init
                                  00084d36        9d   func ,g         0

FILE=print
                                  00084dd4  0008673c      1969
  __print
                                  00084dd4       f3e   func ,g         0
  __f8prn
                                  00085d12       55b   func ,g         0
  $henkan1
                                  0008626e        42   func ,g         0
  $henkan2
                                  000862b0        55   func ,g         0
  __pri
                                  00086304       10e   func ,g         0
  $_f8geti
                                  00086412       20f   func ,g         0

FILE=printf
                                  0008673e  0008680a        cd
  _printf
                                  0008673e        bd   func ,g         0

FILE=strlen
                                  0008680c  00086836        2b
  _strlen
                                  0008680c        2b   func ,g         0

FILE=_f8eq
                                  00086838  000868b3        7c
  __f8eq
                                  00086838        7c   func ,g         0

FILE=_f8ge
                                  000868b4  0008695a        a7
  __f8ge
                                  000868b4        a7   func ,g         0

FILE=_f8lt
                                  0008695c  00086a02        a7
  __f8lt
                                  0008695c        a7   func ,g         0

FILE=_f8mul
                                  00086a04  00086cca       2c7
  __f8mul
                                  00086a04       2c7   func ,g         0

FILE=_f8ne
                                  00086ccc  00086d47        7c
  __f8ne
                                  00086ccc        7c   func ,g         0

FILE=_i4modu
                                  00086d48  00086d92        4b
  __i4modU
                                  00086d48        4b   func ,g         0

FILE=_i8divu
                                  00086d94  00086e8b        f8
  __i8divU
                                  00086d94        f8   func ,g         0

FILE=_i8modu
                                  00086e8c  00086f5a        cf
  __i8modU
                                  00086e8c        cf   func ,g         0

FILE=device
                                  00086f5c  0008707a       11f
  $init_dev
                                  00086f5c        21   func ,g         0
  $speed
                                  00086f7e        8d   func ,g         0
  __sget
                                  0008700a         f   func ,g         0
  $_sput
                                  0008701a        1b   func ,g         0
  $_pput
                                  00087034        47   func ,g         0

FILE=fgetc
                                  0008707c  00087283       208
  _fgetc
                                  0008707c       208   func ,g         0

FILE=appUSB
                                  00080c2a  00080d81       158
  $CBDoneBulkRead
                                  00080d3a         0   none ,g         0
  __usb_int0
                                  00080d54         0   none ,g         0
  __usb_int1
                                  00080d5e         0   none ,g         0
  __usb_resume
                                  00080d68         0   none ,g         0
  _appGetChar
                                  00080c3c         0   none ,g         0
  _appPutBuf
                                  00080cbc         0   none ,g         0
  _appUSBWrite
                                  00080cf4         0   none ,g         0
  _appUSB_IsIdle
                                  00080d2c         0   none ,g         0

FILE=drvTPiDE
                                  0008117c  00081a8a       90f
  _drvTPiDE_Init
                                  0008117c         0   none ,g         0
  _drvTPiDE_Scheduler
                                  000811b2         0   none ,g         0
  _drvTPiDE_Ticking
                                  00081696         0   none ,g         0

FILE=IIC
                                  00081a8c  000827c1       d36
  $CB_Done_Dummy
                                  00082606         0   none ,g         0
  $CB_Read_Dummy
                                  0008260e         0   none ,g         0
  $IIC_Close
                                  00081bc0         0   none ,g         0
  $IIC_GetStatus
                                  00081fbc         0   none ,g         0
  $IIC_Open
                                  00081aa2         0   none ,g         0
  $IIC_Read
                                  00081efa         0   none ,g         0
  $IIC_Reset
                                  00081c38         0   none ,g         0
  $IIC_SetCallBackDone
                                  00081d58         0   none ,g         0
  $IIC_SetSlaveAddr
                                  00081d8e         0   none ,g         0
  $IIC_SlaveConfig
                                  00082588         0   none ,g         0
  $IIC_Stop
                                  00081f72         0   none ,g         0
  $IIC_WaitComplete
                                  00081fea         0   none ,g         0
  $IIC_Write
                                  00081dd0         0   none ,g         0
  $IIC_WriteNoStart
                                  00081e78         0   none ,g         0
  $IIC_WriteNoStop
                                  00081e24         0   none ,g         0
  _CB_Start_Dummy
                                  00082604         0   none ,g         0
  _CB_Write_Dummy
                                  00082616         0   none ,g         0
  _halIICGetStatus
                                  00081a8c         0   none ,g         0

FILE=IIC_HAL
                                  000827c2  000827e2        21
  $IIC_HAL_Get_API
                                  000827c2         0   none ,g         0

FILE=IIC_HAL_MM_M16C6C
                                  000827e4  00082c4a       467
  _IIC_HAL_MM_Get_API
                                  000827e4         0   none ,g         0
  _IIC_HAL_MM_Int
                                  000828de         0   none ,g         0

FILE=IIC_HAL_UART_M16C6C
                                  00082c4c  00083159       50e
  _IIC_HAL_UART_Get_API
                                  00082c4c         0   none ,g         0
  _IIC_HAL_UART_Int_ACK
                                  00082de8         0   none ,g         0
  _IIC_HAL_UART_Int_NACK
                                  00082df6         0   none ,g         0
  _IIC_HAL_UART_Int_StopStart
                                  00082dd6         0   none ,g         0

FILE=usb_cdc
                                  000832e6  0008394a       665
  $USBCDC_PutChar
                                  000833e8         0   none ,g         0
  _USBCDC_Cancel
                                  00083590         0   none ,g         0
  _USBCDC_GetChar
                                  000833be         0   none ,g         0
  _USBCDC_Init
                                  000832e6         0   none ,g         0
  _USBCDC_IsConnected
                                  0008337c         0   none ,g         0
  _USBCDC_IsOnLine
                                  00083380         0   none ,g         0
  _USBCDC_Read
                                  000834c2         0   none ,g         0
  _USBCDC_Read_Async
                                  00083538         0   none ,g         0
  _USBCDC_Write
                                  00083406         0   none ,g         0
  _USBCDC_WriteString
                                  0008338c         0   none ,g         0
  _USBCDC_Write_Async
                                  0008346a         0   none ,g         0

FILE=usb_core
                                  0008394c  00083e64       519
  $USBCORE_Init
                                  0008394c         0   none ,g         0

FILE=usb_hal
                                  00083e66  00084b16       cb1
  $USBHAL_Cancel
                                  0008420c         0   none ,g         0
  $USBHAL_Control_IN
                                  00083f00         0   none ,g         0
  $USBHAL_Control_OUT
                                  00083f5e         0   none ,g         0
  _USBHALInterruptHandler
                                  000846aa         0   none ,g         0
  _USBHALInterruptHandler2
                                  00084748         0   none ,g         0
  _USBHALInterruptResume
                                  00084764         0   none ,g         0
  _USBHAL_Bulk_IN
                                  00084058         0   none ,g         0
  _USBHAL_Bulk_IN_Stall
                                  00084180         0   none ,g         0
  _USBHAL_Bulk_OUT
                                  00083fcc         0   none ,g         0
  _USBHAL_Bulk_OUT_Stall
                                  00084198         0   none ,g         0
  _USBHAL_Config_Get
                                  000841c8         0   none ,g         0
  _USBHAL_Config_Set
                                  000841d2         0   none ,g         0
  _USBHAL_Control_ACK
                                  00083ed4         0   none ,g         0
  _USBHAL_Control_Stall
                                  00084168         0   none ,g         0
  _USBHAL_Init
                                  00083e80         0   none ,g         0
  _USBHAL_Interrupt_IN
                                  000840e0         0   none ,g         0
  _USBHAL_Interrupt_IN_Stall
                                  000841b0         0   none ,g         0
  _USBHAL_Reset
                                  000842aa         0   none ,g         0
  _halIsUSBConfigOK
                                  00083e76         0   none ,g         0
  _halIsUSBDetach
                                  00083e6c         0   none ,g         0
  _halUSBDetach
                                  00083e66         0   none ,g         0

FILE=drvTimer
                                  00084b64  00084b8e        2b
  $drvTimer_Init
                                  00084b64        21   func ,g         0

SECTION=interrupt
FILE=ncrt0
                                  00087284  0008732a        a7
  $exit
                                  00087328         0   none ,g         0
  _exit
                                  00087328         0   none ,g         0
  dummy_int
                                  0008732a         0   none ,g         0

