##########################################
# (1) LINK INFORMATION                   #
##########################################
c:\program files\renesas\hew\tools\renesas\nc30wa\v545r01\bin\ln30.exe @D:\GitHub\TPiBridge\TPiBridge\Debug\TPiBridge.m16cl

# ID CODE DATA
.ID  "#FFFFFFFFFFFFFF"

# ROM CODE PROTECT DATA
.PROTECT  FFH

# LINK FILE INFORMATION
ncrt0 (D:\GitHub\TPiBridge\TPiBridge\Debug\ncrt0.r30)
	Oct 31 20:23:45 2014

appUSB (D:\GitHub\TPiBridge\iLib\appUSB.r30)
	Nov  3 20:16:44 2014

drvADC (D:\GitHub\TPiBridge\TPiBridge\Debug\drvADC.r30)
	Oct 31 20:23:43 2014

drvBulkDescriptors (D:\GitHub\TPiBridge\iLib\drvBulkDescriptors.r30)
	Nov  3 20:16:45 2014

drvGPIO (D:\GitHub\TPiBridge\TPiBridge\Debug\drvGPIO.r30)
	Oct 31 20:23:43 2014

drvIR (D:\GitHub\TPiBridge\TPiBridge\Debug\drvIR.r30)
	Oct 31 20:23:43 2014

drvISP (D:\GitHub\TPiBridge\\iLib\drvISP.r30)
	Nov  3 20:16:43 2014

drvLCD (D:\GitHub\TPiBridge\TPiBridge\Debug\drvLCD.r30)
	Oct 31 20:23:44 2014

drvMCU (D:\GitHub\TPiBridge\TPiBridge\Debug\drvMCU.r30)
	Oct 31 20:23:44 2014

drvSPI (D:\GitHub\TPiBridge\TPiBridge\Debug\drvSPI.r30)
	Nov  3 18:23:40 2014

drvTPiDE (D:\GitHub\TPiBridge\iLib\drvTPiDE.r30)
	Nov  3 20:16:44 2014

IIC (D:\GitHub\TPiBridge\iLib\IIC.r30)
	Nov  3 20:16:42 2014

IIC_HAL (D:\GitHub\TPiBridge\iLib\IIC_HAL.r30)
	Nov  3 20:16:43 2014

IIC_HAL_MM_M16C6C (D:\GitHub\TPiBridge\iLib\IIC_HAL_MM_M16C6C.r30)
	Nov  3 20:16:43 2014

IIC_HAL_UART_M16C6C (D:\GitHub\TPiBridge\iLib\IIC_HAL_UART_M16C6C.r30)
	Nov  3 20:16:43 2014

main (D:\GitHub\TPiBridge\TPiBridge\Debug\main.r30)
	Oct 31 20:23:43 2014

usb_cdc (D:\GitHub\TPiBridge\iLib\usb_cdc.r30)
	Nov  3 20:16:44 2014

usb_core (D:\GitHub\TPiBridge\iLib\usb_core.r30)
	Nov  3 20:16:45 2014

usb_hal (D:\GitHub\TPiBridge\iLib\usb_hal.r30)
	Nov  3 20:16:45 2014

drvTimer (D:\GitHub\TPiBridge\iLib\drvTimer.r30)
	Nov  3 20:16:44 2014

drvTimer (D:\GitHub\TPiBridge\TPiBridge\Debug\drvTimer.r30)
	Oct 31 20:23:45 2014

_i4divu (c:\program files\renesas\hew\tools\renesas\nc30wa\v545r01\lib30\nc30lib.lib)
	Jan  6 15:04:38 2010

abort (c:\program files\renesas\hew\tools\renesas\nc30wa\v545r01\lib30\nc30lib.lib)
	Jan  6 15:04:41 2010

fprintf (c:\program files\renesas\hew\tools\renesas\nc30wa\v545r01\lib30\nc30lib.lib)
	Jan  6 15:04:51 2010

fputc (c:\program files\renesas\hew\tools\renesas\nc30wa\v545r01\lib30\nc30lib.lib)
	Jan  6 15:04:52 2010

init (c:\program files\renesas\hew\tools\renesas\nc30wa\v545r01\lib30\nc30lib.lib)
	Jan  6 15:04:53 2010

mdata (c:\program files\renesas\hew\tools\renesas\nc30wa\v545r01\lib30\nc30lib.lib)
	Jan  6 15:04:55 2010

print (c:\program files\renesas\hew\tools\renesas\nc30wa\v545r01\lib30\nc30lib.lib)
	Jan  6 15:05:08 2010

printf (c:\program files\renesas\hew\tools\renesas\nc30wa\v545r01\lib30\nc30lib.lib)
	Jan  6 15:05:08 2010

strlen (c:\program files\renesas\hew\tools\renesas\nc30wa\v545r01\lib30\nc30lib.lib)
	Jan  6 15:05:12 2010

_f8eq (c:\program files\renesas\hew\tools\renesas\nc30wa\v545r01\lib30\nc30lib.lib)
	Jan  6 15:04:36 2010

_f8ge (c:\program files\renesas\hew\tools\renesas\nc30wa\v545r01\lib30\nc30lib.lib)
	Jan  6 15:04:36 2010

_f8lt (c:\program files\renesas\hew\tools\renesas\nc30wa\v545r01\lib30\nc30lib.lib)
	Jan  6 15:04:36 2010

_f8mul (c:\program files\renesas\hew\tools\renesas\nc30wa\v545r01\lib30\nc30lib.lib)
	Jan  6 15:04:36 2010

_f8ne (c:\program files\renesas\hew\tools\renesas\nc30wa\v545r01\lib30\nc30lib.lib)
	Jan  6 15:04:37 2010

_i4modu (c:\program files\renesas\hew\tools\renesas\nc30wa\v545r01\lib30\nc30lib.lib)
	Jan  6 15:04:39 2010

_i8divu (c:\program files\renesas\hew\tools\renesas\nc30wa\v545r01\lib30\nc30lib.lib)
	Jan  6 15:04:39 2010

_i8modu (c:\program files\renesas\hew\tools\renesas\nc30wa\v545r01\lib30\nc30lib.lib)
	Jan  6 15:04:40 2010

cdata (c:\program files\renesas\hew\tools\renesas\nc30wa\v545r01\lib30\nc30lib.lib)
	Jan  6 15:04:44 2010

device (c:\program files\renesas\hew\tools\renesas\nc30wa\v545r01\lib30\nc30lib.lib)
	Jan  6 15:04:45 2010

fgetc (c:\program files\renesas\hew\tools\renesas\nc30wa\v545r01\lib30\nc30lib.lib)
	Jan  6 15:04:46 2010


##########################################
# (2) SECTION INFORMATION                #
##########################################
# SECTION                        ATR TYPE    START  LENGTH ALIGN MODULENAME
data_SE                          ABS DATA    000400 000000       ncrt0
bss_SE                           REL DATA    000400 000000 2     ncrt0
data_SO                          REL DATA    000400 000000       ncrt0
bss_SO                           REL DATA    000400 000000       ncrt0
data_NE                          REL DATA    000400 000000 2     ncrt0
                                 REL DATA    000400 000008 2     appUSB
                                 REL DATA    000408 000002 2     usb_cdc
                                 REL DATA    00040A 00002C 2     usb_core
                                 REL DATA    000436 00004A 2     usb_hal
                                 REL DATA    000480 000010 2     mdata
bss_NE                           REL DATA    000490 000000 2     ncrt0
                                 REL DATA    000490 000204 2     appUSB
                                 REL DATA    000694 000902 2     drvIR
                                 REL DATA    000F96 000124 2     drvISP
                                 REL DATA    0010BA 000004 2     drvSPI
                                 REL DATA    0010BE 00025E 2     drvTPiDE
                                 REL DATA    00131C 00004A 2     IIC
                                 REL DATA    001366 000004 2     IIC_HAL_MM_M16C6C
                                 REL DATA    00136A 000004 2     IIC_HAL_UART_M16C6C
                                 REL DATA    00136E 000020 2     main
                                 REL DATA    00138E 000008 2     usb_core
                                 REL DATA    001396 000006 2     drvTimer
                                 REL DATA    00139C 000004 2     fprintf
                                 REL DATA    0013A0 00003C 2     init
                                 REL DATA    0013DC 000008 2     mdata
                                 REL DATA    0013E4 000108 2     print
data_NO                          REL DATA    0014EC 000000       ncrt0
                                 REL DATA    0014EC 000013       usb_cdc
                                 REL DATA    0014FF 00000D       usb_hal
bss_NO                           REL DATA    00150C 000000       ncrt0
                                 REL DATA    00150C 000002       drvIR
                                 REL DATA    00150E 000003       drvTPiDE
                                 REL DATA    001511 000004       IIC_HAL_UART_M16C6C
                                 REL DATA    001515 000001       main
                                 REL DATA    001516 00000E       usb_cdc
                                 REL DATA    001524 00026A       print
istack                           REL DATA    00178E 000300 2     ncrt0
stack                            REL DATA    001A8E 000300 2     ncrt0
heap                             REL DATA    001D8E 000300       ncrt0
rom_FE                           ABS ROMDATA 080000 000000       ncrt0
                                 REL ROMDATA 080000 00004E 2     drvBulkDescriptors
                                 REL ROMDATA 08004E 000008 2     drvISP
                                 REL ROMDATA 080056 000014 2     IIC
                                 REL ROMDATA 08006A 00003C 2     IIC_HAL_MM_M16C6C
                                 REL ROMDATA 0800A6 00003C 2     IIC_HAL_UART_M16C6C
                                 REL ROMDATA 0800E2 000008 2     main
                                 REL ROMDATA 0800EA 000004 2     usb_core
rom_FO                           REL ROMDATA 0800EE 000000       ncrt0
                                 REL ROMDATA 0800EE 000043       drvBulkDescriptors
                                 REL ROMDATA 080131 000011       IIC
                                 REL ROMDATA 080142 000009       IIC_HAL_MM_M16C6C
                                 REL ROMDATA 08014B 000213       usb_cdc
                                 REL ROMDATA 08035E 0001E2       usb_core
                                 REL ROMDATA 080540 00053E       usb_hal
                                 REL ROMDATA 080A7E 00000A       print
                                 REL ROMDATA 080A88 000101       cdata
data_SEI                         REL ROMDATA 080B8A 000000 2     ncrt0
data_SOI                         REL ROMDATA 080B8A 000000       ncrt0
data_NEI                         REL ROMDATA 080B8A 000000 2     ncrt0
                                 REL ROMDATA 080B8A 000008       appUSB
                                 REL ROMDATA 080B92 000002       usb_cdc
                                 REL ROMDATA 080B94 00002C       usb_core
                                 REL ROMDATA 080BC0 00004A       usb_hal
                                 REL ROMDATA 080C0A 000010       mdata
data_NOI                         REL ROMDATA 080C1A 000000       ncrt0
                                 REL ROMDATA 080C1A 000013       usb_cdc
                                 REL ROMDATA 080C2D 00000D       usb_hal
program                          REL CODE    080C3A 000000 2     ncrt0
                                 REL CODE    080C3A 000158 2     appUSB
                                 REL CODE    080D92 000029 2     drvADC
                                 REL CODE    080DBC 000034 2     drvGPIO
                                 REL CODE    080DF0 0000B7 2     drvIR
                                 REL CODE    080EA8 000251 2     drvISP
                                 REL CODE    0810FA 00029A 2     drvLCD
                                 REL CODE    081394 00004E 2     drvMCU
                                 REL CODE    0813E2 0000E6 2     drvSPI
                                 REL CODE    0814C8 0009D1 2     drvTPiDE
                                 REL CODE    081E9A 000D36 2     IIC
                                 REL CODE    082BD0 000021 2     IIC_HAL
                                 REL CODE    082BF2 000467 2     IIC_HAL_MM_M16C6C
                                 REL CODE    08305A 00050E 2     IIC_HAL_UART_M16C6C
                                 REL CODE    083568 000191 2     main
                                 REL CODE    0836FA 000665 2     usb_cdc
                                 REL CODE    083D60 000519 2     usb_core
                                 REL CODE    08427A 000CB1 2     usb_hal
                                 REL CODE    084F2C 00004B 2     drvTimer
                                 REL CODE    084F78 00002B 2     drvTimer
                                 REL CODE    084FA4 00004D 2     _i4divu
                                 REL CODE    084FF2 000003 2     abort
                                 REL CODE    084FF6 0000D3 2     fprintf
                                 REL CODE    0850CA 000080 2     fputc
                                 REL CODE    08514A 00009D 2     init
                                 REL CODE    0851E8 001969 2     print
                                 REL CODE    086B52 0000CD 2     printf
                                 REL CODE    086C20 00002B 2     strlen
                                 REL CODE    086C4C 00007C 2     _f8eq
                                 REL CODE    086CC8 0000A7 2     _f8ge
                                 REL CODE    086D70 0000A7 2     _f8lt
                                 REL CODE    086E18 0002C7 2     _f8mul
                                 REL CODE    0870E0 00007C 2     _f8ne
                                 REL CODE    08715C 00004B 2     _i4modu
                                 REL CODE    0871A8 0000F8 2     _i8divu
                                 REL CODE    0872A0 0000CF 2     _i8modu
                                 REL CODE    087370 00011F 2     device
                                 REL CODE    087490 000208 2     fgetc
interrupt                        REL CODE    087698 000000 2     ncrt0
                                 REL CODE    087698 0000A7       ncrt0
program_S                        REL CODE    087740 000000 2     ncrt0
vector                           ABS ROMDATA 0FFD00 000100       ncrt0
fvector                          ABS ROMDATA 0FFFDC 000024       ncrt0
# Total -------------------------------------------------------------------
                                     DATA           001C8E(0007310) Byte(s)
                                     ROMDATA        000D5D(0003421) Byte(s)
                                     CODE           006B05(0027397) Byte(s)

##########################################
# VARIABLE VECTOR TABLE INFORMATION      #
##########################################
No.  Address               No.  Address               No.  Address
0    dummy_int             1    dummy_int             2    dummy_int             
3    dummy_int             4    dummy_int             5    dummy_int             
6    dummy_int             7    dummy_int             8    dummy_int             
9    dummy_int             10   dummy_int             11   dummy_int             
12   _DMA1Handler          13   dummy_int             14   dummy_int             
15   dummy_int             16   dummy_int             17   dummy_int             
18   dummy_int             19   dummy_int             20   dummy_int             
21   _TimerA0Handler       22   dummy_int             23   _TimerA2Handler       
24   dummy_int             25   dummy_int             26   _TimerB0InterruptHandler  
27   dummy_int             28   dummy_int             29   dummy_int             
30   _INT1Handler          31   dummy_int             32   dummy_int             
33   dummy_int             34   dummy_int             35   dummy_int             
36   dummy_int             37   dummy_int             38   dummy_int             
39   dummy_int             40   dummy_int             41   dummy_int             
42   dummy_int             43   dummy_int             44   dummy_int             
45   dummy_int             46   dummy_int             47   dummy_int             
48   dummy_int             49   dummy_int             50   dummy_int             
51   dummy_int             52   dummy_int             53   dummy_int             
54   __usb_int0            55   __usb_int1            56   __usb_resume          
57   dummy_int             58   dummy_int             59   _IIC_HAL_MM_Int       
60   dummy_int             61   dummy_int             62   dummy_int             
63   dummy_int             

##########################################
# (3) GLOBAL LABEL INFORMATION           #
##########################################
$CBDoneBulkRead    080d4a  $CB_Done_Dummy     082a14  $CB_Read_Dummy     082a1c
$IIC_Close         081fce  $IIC_GetStatus     0823ca  $IIC_HAL_Get_API   082bd0
$IIC_Open          081eb0  $IIC_Read          082308  $IIC_Reset         082046
$IIC_SetCallBack   082166  $IIC_SetSlaveAdd   08219c  $IIC_SlaveConfig   082996
$IIC_Stop          082380  $IIC_WaitComplet   0823f8  $IIC_Write         0821de
$IIC_WriteNoStar   082286  $IIC_WriteNoStop   082232  $USBCDC_PutChar    0837fc
$USBCORE_Init      083d60  $USBHAL_Cancel     084620  $USBHAL_Control_   084314
$USBHAL_Control_   084372  $_f8geti           086826  $_inmod            086a36
$_pput             087448  $_sput             08742e  $drvADC_Go         080da2
$drvLCD_WriteCom   0812c4  $drvLCD_WriteCom   0812f0  $drvLCD_WriteDat   081334
$drvLCD_WriteDat   081358  $drvSPI_Init       0813e2  $drvTimerB0Count   084f3e
$drvTimer_Init     084f78  $exit              08773c  $fputc             0850ca
$henkan1           086682  $henkan2           0866c4  $init_dev          087370
$speed             087392  _CB_Start_Dummy    082a12  _CB_Write_Dummy    082a24
_DMA1Handler       0814b0  _IIC_HAL_MM_Get_   082bf2  _IIC_HAL_MM_Int    082cec
_IIC_HAL_UART_Ge   08305a  _IIC_HAL_UART_In   0831f6  _IIC_HAL_UART_In   083204
_IIC_HAL_UART_In   0831e4  _INT1Handler       080e26  _TimerA0Handler    084f9a
_TimerA2Handler    080e2e  _TimerB0Interrup   084f66  _TimerInterruptH   0836bc
_USBCDC_Cancel     0839a4  _USBCDC_GetChar    0837d2  _USBCDC_Init       0836fa
_USBCDC_IsConnec   083790  _USBCDC_IsOnLine   083794  _USBCDC_Read       0838d6
_USBCDC_Read_Asy   08394c  _USBCDC_Write      08381a  _USBCDC_WriteStr   0837a0
_USBCDC_Write_As   08387e  _USBHALInterrupt   084abe  _USBHALInterrupt   084b5c
_USBHALInterrupt   084b78  _USBHAL_Bulk_IN    08446c  _USBHAL_Bulk_IN_   084594
_USBHAL_Bulk_OUT   0843e0  _USBHAL_Bulk_OUT   0845ac  _USBHAL_Config_G   0845dc
_USBHAL_Config_S   0845e6  _USBHAL_Control_   0842e8  _USBHAL_Control_   08457c
_USBHAL_Init       084294  _USBHAL_Interrup   0844f4  _USBHAL_Interrup   0845c4
_USBHAL_Reset      0846be  __ctype            080a88  __f8eq             086c4c
__f8ge             086cc8  __f8lt             086d70  __f8mul            086e18
__f8ne             0870e0  __f8prn            086126  __i4divU           084fa4
__i4modU           08715c  __i8divU           0871a8  __i8modU           0872a0
__init             08514a  __iob              0013a0  __memt             000488
__mnext            0013dc  __msize            0013e0  __pool             000480
__pri              086718  __print            0851e8  __sget             08741e
__usb_int0         080d64  __usb_int1         080d6e  __usb_resume       080d78
_abort             084ff2  _appGetChar        080c4c  _appKbHit          080c3a
_appPutBuf         080ccc  _appUSBWrite       080d04  _appUSB_IsIdle     080d3c
_drvADC_Init       080d92  _drvGPIO_Init      080dbc  _drvIR_Init        080df0
_drvISP_Init       080ea8  _drvISP_TPF        080efa  _drvLCD_Init       0810fa
_drvMCU_IE         0813dc  _drvMCU_Init       081394  _drvSPI_Go         08145a
_drvTPiDE_Init     0814c8  _drvTPiDE_Schedu   081500  _drvTPiDE_Tickin   081a2c
_drvTimerB0Count   084f38  _drvTimerB0RunTi   084f4c  _drvTimerB0RunTi   084f56
_drvTimerB0Start   084f32  _drvTimerB0Stop    084f2c  _exit              08773c
_fgetc             087490  _fprintf           084ff6  _gConfigurationD   080006
_gDeviceDescript   080000  _gStringDescript   0800ea  _gStringDescript   08000c
_gStringDescript   080012  _gStringDescript   080018  _g_acISPBuf        000494
_g_awIrCapture     000796  _g_awIrPattern     000696  _g_cIrRecorded     00150c
_g_cTPiDE          00150e  _g_dwRxSize        000490  _g_pacInfo         0010c0
_g_wCaptureCnt     000694  _g_wInfoCnt        0010be  _gau8ConfigDescr   0800ee
_gau8DeviceDescr   08001e  _gau8ProductStri   08003a  _gau8StringSeria   080044
_gau8VendorStrin   080030  _halIICGetStatus   081e9a  _halIsUSBConfigO   08428a
_halIsUSBDetach    084280  _halUSBDetach      08427a  _main              083568
_printf            086b52  _strlen            086c20  dummy_int          08773e
start              087698  

##########################################
# (4) GLOBAL EQU SYMBOL INFORMATION      #
##########################################
__SB__           00000400  

##########################################
# (5) GLOBAL EQU BIT-SYMBOL INFORMATION  #
##########################################

##########################################
# (6) LOCAL LABEL INFORMATION            #
##########################################
@ ncrt0 ( D:\GitHub\TPiBridge\TPiBridge\Debug\ncrt0.r30 )
@ appUSB ( D:\GitHub\TPiBridge\iLib\appUSB.r30 )
@ drvADC ( D:\GitHub\TPiBridge\TPiBridge\Debug\drvADC.r30 )
@ drvBulkDescriptors ( D:\GitHub\TPiBridge\iLib\drvBulkDescriptors.r30 )
@ drvGPIO ( D:\GitHub\TPiBridge\TPiBridge\Debug\drvGPIO.r30 )
@ drvIR ( D:\GitHub\TPiBridge\TPiBridge\Debug\drvIR.r30 )
@ drvISP ( D:\GitHub\TPiBridge\\iLib\drvISP.r30 )
@ drvLCD ( D:\GitHub\TPiBridge\TPiBridge\Debug\drvLCD.r30 )
@ drvMCU ( D:\GitHub\TPiBridge\TPiBridge\Debug\drvMCU.r30 )
@ drvSPI ( D:\GitHub\TPiBridge\TPiBridge\Debug\drvSPI.r30 )
@ drvTPiDE ( D:\GitHub\TPiBridge\iLib\drvTPiDE.r30 )
@ IIC ( D:\GitHub\TPiBridge\iLib\IIC.r30 )
@ IIC_HAL ( D:\GitHub\TPiBridge\iLib\IIC_HAL.r30 )
@ IIC_HAL_MM_M16C6C ( D:\GitHub\TPiBridge\iLib\IIC_HAL_MM_M16C6C.r30 )
@ IIC_HAL_UART_M16C6C ( D:\GitHub\TPiBridge\iLib\IIC_HAL_UART_M16C6C.r30 )
@ main ( D:\GitHub\TPiBridge\TPiBridge\Debug\main.r30 )
@ usb_cdc ( D:\GitHub\TPiBridge\iLib\usb_cdc.r30 )
@ usb_core ( D:\GitHub\TPiBridge\iLib\usb_core.r30 )
@ usb_hal ( D:\GitHub\TPiBridge\iLib\usb_hal.r30 )
@ drvTimer ( D:\GitHub\TPiBridge\iLib\drvTimer.r30 )
@ drvTimer ( D:\GitHub\TPiBridge\TPiBridge\Debug\drvTimer.r30 )
@ _i4divu ( c:\program files\renesas\hew\tools\renesas\nc30wa\v545r01\lib30\nc30lib.lib )
@ abort ( c:\program files\renesas\hew\tools\renesas\nc30wa\v545r01\lib30\nc30lib.lib )
@ fprintf ( c:\program files\renesas\hew\tools\renesas\nc30wa\v545r01\lib30\nc30lib.lib )
@ fputc ( c:\program files\renesas\hew\tools\renesas\nc30wa\v545r01\lib30\nc30lib.lib )
@ init ( c:\program files\renesas\hew\tools\renesas\nc30wa\v545r01\lib30\nc30lib.lib )
@ mdata ( c:\program files\renesas\hew\tools\renesas\nc30wa\v545r01\lib30\nc30lib.lib )
@ print ( c:\program files\renesas\hew\tools\renesas\nc30wa\v545r01\lib30\nc30lib.lib )
@ printf ( c:\program files\renesas\hew\tools\renesas\nc30wa\v545r01\lib30\nc30lib.lib )
@ strlen ( c:\program files\renesas\hew\tools\renesas\nc30wa\v545r01\lib30\nc30lib.lib )
@ _f8eq ( c:\program files\renesas\hew\tools\renesas\nc30wa\v545r01\lib30\nc30lib.lib )
@ _f8ge ( c:\program files\renesas\hew\tools\renesas\nc30wa\v545r01\lib30\nc30lib.lib )
@ _f8lt ( c:\program files\renesas\hew\tools\renesas\nc30wa\v545r01\lib30\nc30lib.lib )
@ _f8mul ( c:\program files\renesas\hew\tools\renesas\nc30wa\v545r01\lib30\nc30lib.lib )
@ _f8ne ( c:\program files\renesas\hew\tools\renesas\nc30wa\v545r01\lib30\nc30lib.lib )
@ _i4modu ( c:\program files\renesas\hew\tools\renesas\nc30wa\v545r01\lib30\nc30lib.lib )
@ _i8divu ( c:\program files\renesas\hew\tools\renesas\nc30wa\v545r01\lib30\nc30lib.lib )
@ _i8modu ( c:\program files\renesas\hew\tools\renesas\nc30wa\v545r01\lib30\nc30lib.lib )
@ cdata ( c:\program files\renesas\hew\tools\renesas\nc30wa\v545r01\lib30\nc30lib.lib )
@ device ( c:\program files\renesas\hew\tools\renesas\nc30wa\v545r01\lib30\nc30lib.lib )
@ fgetc ( c:\program files\renesas\hew\tools\renesas\nc30wa\v545r01\lib30\nc30lib.lib )

##########################################
# (7) LOCAL EQU SYMBOL INFORMATION       #
##########################################
@ ncrt0 ( D:\GitHub\TPiBridge\TPiBridge\Debug\ncrt0.r30 )
@ appUSB ( D:\GitHub\TPiBridge\iLib\appUSB.r30 )
@ drvADC ( D:\GitHub\TPiBridge\TPiBridge\Debug\drvADC.r30 )
@ drvBulkDescriptors ( D:\GitHub\TPiBridge\iLib\drvBulkDescriptors.r30 )
@ drvGPIO ( D:\GitHub\TPiBridge\TPiBridge\Debug\drvGPIO.r30 )
@ drvIR ( D:\GitHub\TPiBridge\TPiBridge\Debug\drvIR.r30 )
@ drvISP ( D:\GitHub\TPiBridge\\iLib\drvISP.r30 )
@ drvLCD ( D:\GitHub\TPiBridge\TPiBridge\Debug\drvLCD.r30 )
@ drvMCU ( D:\GitHub\TPiBridge\TPiBridge\Debug\drvMCU.r30 )
@ drvSPI ( D:\GitHub\TPiBridge\TPiBridge\Debug\drvSPI.r30 )
@ drvTPiDE ( D:\GitHub\TPiBridge\iLib\drvTPiDE.r30 )
@ IIC ( D:\GitHub\TPiBridge\iLib\IIC.r30 )
@ IIC_HAL ( D:\GitHub\TPiBridge\iLib\IIC_HAL.r30 )
@ IIC_HAL_MM_M16C6C ( D:\GitHub\TPiBridge\iLib\IIC_HAL_MM_M16C6C.r30 )
@ IIC_HAL_UART_M16C6C ( D:\GitHub\TPiBridge\iLib\IIC_HAL_UART_M16C6C.r30 )
@ main ( D:\GitHub\TPiBridge\TPiBridge\Debug\main.r30 )
@ usb_cdc ( D:\GitHub\TPiBridge\iLib\usb_cdc.r30 )
@ usb_core ( D:\GitHub\TPiBridge\iLib\usb_core.r30 )
@ usb_hal ( D:\GitHub\TPiBridge\iLib\usb_hal.r30 )
@ drvTimer ( D:\GitHub\TPiBridge\iLib\drvTimer.r30 )
@ drvTimer ( D:\GitHub\TPiBridge\TPiBridge\Debug\drvTimer.r30 )
@ _i4divu ( c:\program files\renesas\hew\tools\renesas\nc30wa\v545r01\lib30\nc30lib.lib )
@ abort ( c:\program files\renesas\hew\tools\renesas\nc30wa\v545r01\lib30\nc30lib.lib )
@ fprintf ( c:\program files\renesas\hew\tools\renesas\nc30wa\v545r01\lib30\nc30lib.lib )
@ fputc ( c:\program files\renesas\hew\tools\renesas\nc30wa\v545r01\lib30\nc30lib.lib )
@ init ( c:\program files\renesas\hew\tools\renesas\nc30wa\v545r01\lib30\nc30lib.lib )
@ mdata ( c:\program files\renesas\hew\tools\renesas\nc30wa\v545r01\lib30\nc30lib.lib )
@ print ( c:\program files\renesas\hew\tools\renesas\nc30wa\v545r01\lib30\nc30lib.lib )
@ printf ( c:\program files\renesas\hew\tools\renesas\nc30wa\v545r01\lib30\nc30lib.lib )
@ strlen ( c:\program files\renesas\hew\tools\renesas\nc30wa\v545r01\lib30\nc30lib.lib )
@ _f8eq ( c:\program files\renesas\hew\tools\renesas\nc30wa\v545r01\lib30\nc30lib.lib )
@ _f8ge ( c:\program files\renesas\hew\tools\renesas\nc30wa\v545r01\lib30\nc30lib.lib )
@ _f8lt ( c:\program files\renesas\hew\tools\renesas\nc30wa\v545r01\lib30\nc30lib.lib )
@ _f8mul ( c:\program files\renesas\hew\tools\renesas\nc30wa\v545r01\lib30\nc30lib.lib )
@ _f8ne ( c:\program files\renesas\hew\tools\renesas\nc30wa\v545r01\lib30\nc30lib.lib )
@ _i4modu ( c:\program files\renesas\hew\tools\renesas\nc30wa\v545r01\lib30\nc30lib.lib )
@ _i8divu ( c:\program files\renesas\hew\tools\renesas\nc30wa\v545r01\lib30\nc30lib.lib )
@ _i8modu ( c:\program files\renesas\hew\tools\renesas\nc30wa\v545r01\lib30\nc30lib.lib )
@ cdata ( c:\program files\renesas\hew\tools\renesas\nc30wa\v545r01\lib30\nc30lib.lib )
@ device ( c:\program files\renesas\hew\tools\renesas\nc30wa\v545r01\lib30\nc30lib.lib )
@ fgetc ( c:\program files\renesas\hew\tools\renesas\nc30wa\v545r01\lib30\nc30lib.lib )

##########################################
# (8) LOCAL EQU BIT-SYMBOL INFORMATION   #
##########################################
@ ncrt0 ( D:\GitHub\TPiBridge\TPiBridge\Debug\ncrt0.r30 )
@ appUSB ( D:\GitHub\TPiBridge\iLib\appUSB.r30 )
@ drvADC ( D:\GitHub\TPiBridge\TPiBridge\Debug\drvADC.r30 )
@ drvBulkDescriptors ( D:\GitHub\TPiBridge\iLib\drvBulkDescriptors.r30 )
@ drvGPIO ( D:\GitHub\TPiBridge\TPiBridge\Debug\drvGPIO.r30 )
@ drvIR ( D:\GitHub\TPiBridge\TPiBridge\Debug\drvIR.r30 )
@ drvISP ( D:\GitHub\TPiBridge\\iLib\drvISP.r30 )
@ drvLCD ( D:\GitHub\TPiBridge\TPiBridge\Debug\drvLCD.r30 )
@ drvMCU ( D:\GitHub\TPiBridge\TPiBridge\Debug\drvMCU.r30 )
@ drvSPI ( D:\GitHub\TPiBridge\TPiBridge\Debug\drvSPI.r30 )
@ drvTPiDE ( D:\GitHub\TPiBridge\iLib\drvTPiDE.r30 )
@ IIC ( D:\GitHub\TPiBridge\iLib\IIC.r30 )
@ IIC_HAL ( D:\GitHub\TPiBridge\iLib\IIC_HAL.r30 )
@ IIC_HAL_MM_M16C6C ( D:\GitHub\TPiBridge\iLib\IIC_HAL_MM_M16C6C.r30 )
@ IIC_HAL_UART_M16C6C ( D:\GitHub\TPiBridge\iLib\IIC_HAL_UART_M16C6C.r30 )
@ main ( D:\GitHub\TPiBridge\TPiBridge\Debug\main.r30 )
@ usb_cdc ( D:\GitHub\TPiBridge\iLib\usb_cdc.r30 )
@ usb_core ( D:\GitHub\TPiBridge\iLib\usb_core.r30 )
@ usb_hal ( D:\GitHub\TPiBridge\iLib\usb_hal.r30 )
@ drvTimer ( D:\GitHub\TPiBridge\iLib\drvTimer.r30 )
@ drvTimer ( D:\GitHub\TPiBridge\TPiBridge\Debug\drvTimer.r30 )
@ _i4divu ( c:\program files\renesas\hew\tools\renesas\nc30wa\v545r01\lib30\nc30lib.lib )
@ abort ( c:\program files\renesas\hew\tools\renesas\nc30wa\v545r01\lib30\nc30lib.lib )
@ fprintf ( c:\program files\renesas\hew\tools\renesas\nc30wa\v545r01\lib30\nc30lib.lib )
@ fputc ( c:\program files\renesas\hew\tools\renesas\nc30wa\v545r01\lib30\nc30lib.lib )
@ init ( c:\program files\renesas\hew\tools\renesas\nc30wa\v545r01\lib30\nc30lib.lib )
@ mdata ( c:\program files\renesas\hew\tools\renesas\nc30wa\v545r01\lib30\nc30lib.lib )
@ print ( c:\program files\renesas\hew\tools\renesas\nc30wa\v545r01\lib30\nc30lib.lib )
@ printf ( c:\program files\renesas\hew\tools\renesas\nc30wa\v545r01\lib30\nc30lib.lib )
@ strlen ( c:\program files\renesas\hew\tools\renesas\nc30wa\v545r01\lib30\nc30lib.lib )
@ _f8eq ( c:\program files\renesas\hew\tools\renesas\nc30wa\v545r01\lib30\nc30lib.lib )
@ _f8ge ( c:\program files\renesas\hew\tools\renesas\nc30wa\v545r01\lib30\nc30lib.lib )
@ _f8lt ( c:\program files\renesas\hew\tools\renesas\nc30wa\v545r01\lib30\nc30lib.lib )
@ _f8mul ( c:\program files\renesas\hew\tools\renesas\nc30wa\v545r01\lib30\nc30lib.lib )
@ _f8ne ( c:\program files\renesas\hew\tools\renesas\nc30wa\v545r01\lib30\nc30lib.lib )
@ _i4modu ( c:\program files\renesas\hew\tools\renesas\nc30wa\v545r01\lib30\nc30lib.lib )
@ _i8divu ( c:\program files\renesas\hew\tools\renesas\nc30wa\v545r01\lib30\nc30lib.lib )
@ _i8modu ( c:\program files\renesas\hew\tools\renesas\nc30wa\v545r01\lib30\nc30lib.lib )
@ cdata ( c:\program files\renesas\hew\tools\renesas\nc30wa\v545r01\lib30\nc30lib.lib )
@ device ( c:\program files\renesas\hew\tools\renesas\nc30wa\v545r01\lib30\nc30lib.lib )
@ fgetc ( c:\program files\renesas\hew\tools\renesas\nc30wa\v545r01\lib30\nc30lib.lib )

*** Mapping List ***

SECTION                            START      END         SIZE   ALIGN

data_SE
                                  00000400  00000400         0   1
bss_SE
                                  00000400  00000400         0   2
data_SO
                                  00000400  00000400         0   1
bss_SO
                                  00000400  00000400         0   1
data_NE
                                  00000400  0000048f        90   2
bss_NE
                                  00000490  000014eb      105c   2
data_NO
                                  000014ec  0000150b        20   1
bss_NO
                                  0000150c  0000178d       282   1
istack
                                  0000178e  00001a8d       300   2
stack
                                  00001a8e  00001d8d       300   2
heap
                                  00001d8e  0000208d       300   1
rom_FE
                                  00080000  000800ed        ee   1
rom_FO
                                  000800ee  00080b88       a9b   1
data_SEI
                                  00080b8a  00080b8a         0   2
data_SOI
                                  00080b8a  00080b8a         0   1
data_NEI
                                  00080b8a  00080c19        90   2
data_NOI
                                  00080c1a  00080c39        20   1
program
                                  00080c3a  00087697      6a5e   2
interrupt
                                  00087698  0008773e        a7   2
program_S
                                  00087740  00087740         0   2
vector
                                  000ffd00  000ffdff       100   1
fvector
                                  000fffdc  000fffff        24   1

*** Symbol List ***

SECTION=
FILE=                               START        END    SIZE
  SYMBOL                            ADDR        SIZE    INFO      COUNTS  OPT

SECTION=data_SE
FILE=ncrt0
                                  00000400  00000400         0
  __SB__
                                  00000400         0   none ,g         0

SECTION=data_NE
FILE=mdata
                                  00000480  0000048f        10
  __memt
                                  00000488         0   none ,g         0
  __pool
                                  00000480         0   none ,g         0

SECTION=bss_NE
FILE=ncrt0
                                  00000490  00000490         0
  _g_dwRxSize
                                  00000490         0   none ,g         0

FILE=D:/GitHub/TPiBridge/iDrv/drvIR
                                  00000694  00000f95       902
  _g_wCaptureCnt
                                  00000694         2   data ,g         0
  _g_awIrPattern
                                  00000696       100   data ,g         0
  _g_awIrCapture
                                  00000796       800   data ,g         0

FILE=init
                                  000013a0  000013db        3c
  __iob
                                  000013a0         0   none ,g         0

FILE=mdata
                                  000013dc  000013e3         8
  __mnext
                                  000013dc         0   none ,g         0
  __msize
                                  000013e0         0   none ,g         0

FILE=appUSB
                                  00000490  00000693       204
  _g_acISPBuf
                                  00000494         0   none ,g         0

FILE=drvTPiDE
                                  000010be  0000131b       25e
  _g_pacInfo
                                  000010c0         0   none ,g         0
  _g_wInfoCnt
                                  000010be         0   none ,g         0

SECTION=bss_NO
FILE=ncrt0
                                  0000150c  0000150c         0
  _g_cIrRecorded
                                  0000150c         1   data ,g         0

FILE=drvTPiDE
                                  0000150e  00001510         3
  _g_cTPiDE
                                  0000150e         0   none ,g         0

SECTION=rom_FE
FILE=ncrt0
                                  00080000  00080000         0
  _gDeviceDescriptor
                                  00080000         0   none ,g         0

FILE=drvBulkDescriptors
                                  00080000  0008004d        4e
  _gConfigurationDescriptor
                                  00080006         0   none ,g         0
  _gStringDescriptorManufacturer
                                  0008000c         0   none ,g         0
  _gStringDescriptorProduct
                                  00080012         0   none ,g         0
  _gStringDescriptorSerialNum
                                  00080018         0   none ,g         0
  _gau8DeviceDescriptor_BULK
                                  0008001e         0   none ,g         0
  _gau8ProductStringDescriptor_BULK
                                  0008003a         0   none ,g         0
  _gau8StringSerial
                                  00080044         0   none ,g         0
  _gau8VendorStringDescriptor_BULK
                                  00080030         0   none ,g         0

FILE=usb_core
                                  000800ea  000800ed         4
  _gStringDescriptorLanguageIDsData
                                  000800ea         0   none ,g         0

SECTION=rom_FO
FILE=ncrt0
                                  000800ee  000800ee         0
  _gau8ConfigDescriptor_BULK
                                  000800ee         0   none ,g         0

FILE=cdata
                                  00080a88  00080b88       101
  __ctype
                                  00080a88         0   none ,g         0

SECTION=program
FILE=ncrt0
                                  00080c3a  00080c3a         0
  _appKbHit
                                  00080c3a         0   none ,g         0

FILE=D:/GitHub/TPiBridge/iDrv/drvADC
                                  00080d92  00080dba        29
  _drvADC_Init
                                  00080d92        10   func ,g         0
  $drvADC_Go
                                  00080da2        19   func ,g         0

FILE=D:/GitHub/TPiBridge/iDrv/drvGPIO
                                  00080dbc  00080def        34
  _drvGPIO_Init
                                  00080dbc        34   func ,g         0

FILE=D:/GitHub/TPiBridge/iDrv/drvIR
                                  00080df0  00080ea6        b7
  _drvIR_Init
                                  00080df0        36   func ,g         0
  _INT1Handler
                                  00080e26         8   func ,g         0
  _TimerA2Handler
                                  00080e2e         8   func ,g         0

FILE=D:/GitHub/TPiBridge/iDrv/drvLCD
                                  000810fa  00081393       29a
  _drvLCD_Init
                                  000810fa       1c9   func ,g         0
  $drvLCD_WriteCommand
                                  000812c4        2d   func ,g         0
  $drvLCD_WriteCommandN
                                  000812f0        44   func ,g         0
  $drvLCD_WriteData
                                  00081334        24   func ,g         0
  $drvLCD_WriteDataN
                                  00081358        3c   func ,g         0

FILE=D:/GitHub/TPiBridge/iDrv/drvMCU
                                  00081394  000813e1        4e
  _drvMCU_Init
                                  00081394        48   func ,g         0
  _drvMCU_IE
                                  000813dc         6   func ,g         0

FILE=D:/GitHub/TPiBridge/iDrv/drvSPI
                                  000813e2  000814c7        e6
  $drvSPI_Init
                                  000813e2        77   func ,g         0
  _drvSPI_Go
                                  0008145a        57   func ,g         0
  _DMA1Handler
                                  000814b0         8   func ,g         0

FILE=D:/GitHub/TPiBridge/iApp/main
                                  00083568  000836f8       191
  _main
                                  00083568       154   func ,g         0
  _TimerInterruptHandler
                                  000836bc        3d   func ,g         0

FILE=D:/GitHub/TPiBridge/iDrv/drvTimer
                                  00084f2c  00084f76        4b
  $drvTimerB0CountSet
                                  00084f3e         0   none ,g         0
  _TimerB0InterruptHandler
                                  00084f66         0   none ,g         0
  _drvTimerB0CountGet
                                  00084f38         0   none ,g         0
  _drvTimerB0RunTimeGet
                                  00084f4c         0   none ,g         0
  _drvTimerB0RunTimeSet
                                  00084f56         0   none ,g         0
  _drvTimerB0Start
                                  00084f32         0   none ,g         0
  _drvTimerB0Stop
                                  00084f2c         0   none ,g         0

FILE=_i4divu
                                  00084fa4  00084ff0        4d
  __i4divU
                                  00084fa4        4d   func ,g         0

FILE=abort
                                  00084ff2  00084ff4         3
  _abort
                                  00084ff2         3   func ,g         0

FILE=fprintf
                                  00084ff6  000850c8        d3
  _fprintf
                                  00084ff6        c3   func ,g         0

FILE=fputc
                                  000850ca  00085149        80
  $fputc
                                  000850ca        80   func ,g         0

FILE=init
                                  0008514a  000851e6        9d
  __init
                                  0008514a        9d   func ,g         0

FILE=print
                                  000851e8  00086b50      1969
  __print
                                  000851e8       f3e   func ,g         0
  __f8prn
                                  00086126       55b   func ,g         0
  $henkan1
                                  00086682        42   func ,g         0
  $henkan2
                                  000866c4        55   func ,g         0
  __pri
                                  00086718       10e   func ,g         0
  $_f8geti
                                  00086826       20f   func ,g         0

FILE=printf
                                  00086b52  00086c1e        cd
  _printf
                                  00086b52        bd   func ,g         0

FILE=strlen
                                  00086c20  00086c4a        2b
  _strlen
                                  00086c20        2b   func ,g         0

FILE=_f8eq
                                  00086c4c  00086cc7        7c
  __f8eq
                                  00086c4c        7c   func ,g         0

FILE=_f8ge
                                  00086cc8  00086d6e        a7
  __f8ge
                                  00086cc8        a7   func ,g         0

FILE=_f8lt
                                  00086d70  00086e16        a7
  __f8lt
                                  00086d70        a7   func ,g         0

FILE=_f8mul
                                  00086e18  000870de       2c7
  __f8mul
                                  00086e18       2c7   func ,g         0

FILE=_f8ne
                                  000870e0  0008715b        7c
  __f8ne
                                  000870e0        7c   func ,g         0

FILE=_i4modu
                                  0008715c  000871a6        4b
  __i4modU
                                  0008715c        4b   func ,g         0

FILE=_i8divu
                                  000871a8  0008729f        f8
  __i8divU
                                  000871a8        f8   func ,g         0

FILE=_i8modu
                                  000872a0  0008736e        cf
  __i8modU
                                  000872a0        cf   func ,g         0

FILE=device
                                  00087370  0008748e       11f
  $init_dev
                                  00087370        21   func ,g         0
  $speed
                                  00087392        8d   func ,g         0
  __sget
                                  0008741e         f   func ,g         0
  $_sput
                                  0008742e        1b   func ,g         0
  $_pput
                                  00087448        47   func ,g         0

FILE=fgetc
                                  00087490  00087697       208
  _fgetc
                                  00087490       208   func ,g         0

FILE=appUSB
                                  00080c3a  00080d91       158
  $CBDoneBulkRead
                                  00080d4a         0   none ,g         0
  __usb_int0
                                  00080d64         0   none ,g         0
  __usb_int1
                                  00080d6e         0   none ,g         0
  __usb_resume
                                  00080d78         0   none ,g         0
  _appGetChar
                                  00080c4c         0   none ,g         0
  _appPutBuf
                                  00080ccc         0   none ,g         0
  _appUSBWrite
                                  00080d04         0   none ,g         0
  _appUSB_IsIdle
                                  00080d3c         0   none ,g         0

FILE=drvISP
                                  00080ea8  000810f8       251
  _drvISP_Init
                                  00080ea8         0   none ,g         0
  _drvISP_TPF
                                  00080efa         0   none ,g         0

FILE=drvTPiDE
                                  000814c8  00081e98       9d1
  _drvTPiDE_Init
                                  000814c8         0   none ,g         0
  _drvTPiDE_Scheduler
                                  00081500         0   none ,g         0
  _drvTPiDE_Ticking
                                  00081a2c         0   none ,g         0

FILE=IIC
                                  00081e9a  00082bcf       d36
  $CB_Done_Dummy
                                  00082a14         0   none ,g         0
  $CB_Read_Dummy
                                  00082a1c         0   none ,g         0
  $IIC_Close
                                  00081fce         0   none ,g         0
  $IIC_GetStatus
                                  000823ca         0   none ,g         0
  $IIC_Open
                                  00081eb0         0   none ,g         0
  $IIC_Read
                                  00082308         0   none ,g         0
  $IIC_Reset
                                  00082046         0   none ,g         0
  $IIC_SetCallBackDone
                                  00082166         0   none ,g         0
  $IIC_SetSlaveAddr
                                  0008219c         0   none ,g         0
  $IIC_SlaveConfig
                                  00082996         0   none ,g         0
  $IIC_Stop
                                  00082380         0   none ,g         0
  $IIC_WaitComplete
                                  000823f8         0   none ,g         0
  $IIC_Write
                                  000821de         0   none ,g         0
  $IIC_WriteNoStart
                                  00082286         0   none ,g         0
  $IIC_WriteNoStop
                                  00082232         0   none ,g         0
  _CB_Start_Dummy
                                  00082a12         0   none ,g         0
  _CB_Write_Dummy
                                  00082a24         0   none ,g         0
  _halIICGetStatus
                                  00081e9a         0   none ,g         0

FILE=IIC_HAL
                                  00082bd0  00082bf0        21
  $IIC_HAL_Get_API
                                  00082bd0         0   none ,g         0

FILE=IIC_HAL_MM_M16C6C
                                  00082bf2  00083058       467
  _IIC_HAL_MM_Get_API
                                  00082bf2         0   none ,g         0
  _IIC_HAL_MM_Int
                                  00082cec         0   none ,g         0

FILE=IIC_HAL_UART_M16C6C
                                  0008305a  00083567       50e
  _IIC_HAL_UART_Get_API
                                  0008305a         0   none ,g         0
  _IIC_HAL_UART_Int_ACK
                                  000831f6         0   none ,g         0
  _IIC_HAL_UART_Int_NACK
                                  00083204         0   none ,g         0
  _IIC_HAL_UART_Int_StopStart
                                  000831e4         0   none ,g         0

FILE=usb_cdc
                                  000836fa  00083d5e       665
  $USBCDC_PutChar
                                  000837fc         0   none ,g         0
  _USBCDC_Cancel
                                  000839a4         0   none ,g         0
  _USBCDC_GetChar
                                  000837d2         0   none ,g         0
  _USBCDC_Init
                                  000836fa         0   none ,g         0
  _USBCDC_IsConnected
                                  00083790         0   none ,g         0
  _USBCDC_IsOnLine
                                  00083794         0   none ,g         0
  _USBCDC_Read
                                  000838d6         0   none ,g         0
  _USBCDC_Read_Async
                                  0008394c         0   none ,g         0
  _USBCDC_Write
                                  0008381a         0   none ,g         0
  _USBCDC_WriteString
                                  000837a0         0   none ,g         0
  _USBCDC_Write_Async
                                  0008387e         0   none ,g         0

FILE=usb_core
                                  00083d60  00084278       519
  $USBCORE_Init
                                  00083d60         0   none ,g         0

FILE=usb_hal
                                  0008427a  00084f2a       cb1
  $USBHAL_Cancel
                                  00084620         0   none ,g         0
  $USBHAL_Control_IN
                                  00084314         0   none ,g         0
  $USBHAL_Control_OUT
                                  00084372         0   none ,g         0
  _USBHALInterruptHandler
                                  00084abe         0   none ,g         0
  _USBHALInterruptHandler2
                                  00084b5c         0   none ,g         0
  _USBHALInterruptResume
                                  00084b78         0   none ,g         0
  _USBHAL_Bulk_IN
                                  0008446c         0   none ,g         0
  _USBHAL_Bulk_IN_Stall
                                  00084594         0   none ,g         0
  _USBHAL_Bulk_OUT
                                  000843e0         0   none ,g         0
  _USBHAL_Bulk_OUT_Stall
                                  000845ac         0   none ,g         0
  _USBHAL_Config_Get
                                  000845dc         0   none ,g         0
  _USBHAL_Config_Set
                                  000845e6         0   none ,g         0
  _USBHAL_Control_ACK
                                  000842e8         0   none ,g         0
  _USBHAL_Control_Stall
                                  0008457c         0   none ,g         0
  _USBHAL_Init
                                  00084294         0   none ,g         0
  _USBHAL_Interrupt_IN
                                  000844f4         0   none ,g         0
  _USBHAL_Interrupt_IN_Stall
                                  000845c4         0   none ,g         0
  _USBHAL_Reset
                                  000846be         0   none ,g         0
  _halIsUSBConfigOK
                                  0008428a         0   none ,g         0
  _halIsUSBDetach
                                  00084280         0   none ,g         0
  _halUSBDetach
                                  0008427a         0   none ,g         0

FILE=drvTimer
                                  00084f78  00084fa2        2b
  $drvTimer_Init
                                  00084f78        21   func ,g         0

SECTION=interrupt
FILE=ncrt0
                                  00087698  0008773e        a7
  $exit
                                  0008773c         0   none ,g         0
  _exit
                                  0008773c         0   none ,g         0
  dummy_int
                                  0008773e         0   none ,g         0

