##########################################
# (1) LINK INFORMATION                   #
##########################################
c:\program files (x86)\renesas\hew\tools\renesas\nc30wa\v545r01\bin\ln30.exe @D:\GitHub\TPiBridge\TPiBridge\Debug\TPiBridge.m16cl

# ID CODE DATA
.ID  "#FFFFFFFFFFFFFF"

# ROM CODE PROTECT DATA
.PROTECT  FFH

# LINK FILE INFORMATION
ncrt0 (D:\GitHub\TPiBridge\TPiBridge\Debug\ncrt0.r30)
	Sep 19 21:18:07 2014

appUSB (D:\GitHub\TPiBridge\iLib\appUSB.r30)
	Sep 18 21:25:02 2014

drvADC (D:\GitHub\TPiBridge\TPiBridge\Debug\drvADC.r30)
	Sep 19 21:18:06 2014

drvBulkDescriptors (D:\GitHub\TPiBridge\iLib\drvBulkDescriptors.r30)
	Sep 18 21:25:02 2014

drvGPIO (D:\GitHub\TPiBridge\TPiBridge\Debug\drvGPIO.r30)
	Sep 19 21:18:06 2014

drvIR (D:\GitHub\TPiBridge\TPiBridge\Debug\drvIR.r30)
	Sep 19 21:18:06 2014

drvLCD (D:\GitHub\TPiBridge\TPiBridge\Debug\drvLCD.r30)
	Sep 19 21:18:06 2014

drvMCU (D:\GitHub\TPiBridge\TPiBridge\Debug\drvMCU.r30)
	Sep 19 21:18:07 2014

drvSPI (D:\GitHub\TPiBridge\TPiBridge\Debug\drvSPI.r30)
	Sep 19 22:32:48 2014

drvTPiDE (D:\GitHub\TPiBridge\iLib\drvTPiDE.r30)
	Sep 18 21:25:01 2014

IIC (D:\GitHub\TPiBridge\iLib\IIC.r30)
	Sep 18 21:25:00 2014

IIC_HAL (D:\GitHub\TPiBridge\iLib\IIC_HAL.r30)
	Sep 18 21:25:01 2014

IIC_HAL_MM_M16C6C (D:\GitHub\TPiBridge\iLib\IIC_HAL_MM_M16C6C.r30)
	Sep 18 21:25:01 2014

IIC_HAL_UART_M16C6C (D:\GitHub\TPiBridge\iLib\IIC_HAL_UART_M16C6C.r30)
	Sep 18 21:25:01 2014

main (D:\GitHub\TPiBridge\TPiBridge\Debug\main.r30)
	Sep 19 21:53:30 2014

usb_cdc (D:\GitHub\TPiBridge\iLib\usb_cdc.r30)
	Sep 18 21:25:02 2014

usb_core (D:\GitHub\TPiBridge\iLib\usb_core.r30)
	Sep 18 21:25:02 2014

usb_hal (D:\GitHub\TPiBridge\iLib\usb_hal.r30)
	Sep 18 21:25:02 2014

drvTimer (D:\GitHub\TPiBridge\iLib\drvTimer.r30)
	Sep 18 21:25:01 2014

drvTimer (D:\GitHub\TPiBridge\TPiBridge\Debug\drvTimer.r30)
	Sep 19 21:18:07 2014

_i4divu (c:\program files (x86)\renesas\hew\tools\renesas\nc30wa\v545r01\lib30\nc30lib.lib)
	Jan  6 15:04:38 2010

abort (c:\program files (x86)\renesas\hew\tools\renesas\nc30wa\v545r01\lib30\nc30lib.lib)
	Jan  6 15:04:41 2010

fprintf (c:\program files (x86)\renesas\hew\tools\renesas\nc30wa\v545r01\lib30\nc30lib.lib)
	Jan  6 15:04:51 2010

fputc (c:\program files (x86)\renesas\hew\tools\renesas\nc30wa\v545r01\lib30\nc30lib.lib)
	Jan  6 15:04:52 2010

init (c:\program files (x86)\renesas\hew\tools\renesas\nc30wa\v545r01\lib30\nc30lib.lib)
	Jan  6 15:04:53 2010

mdata (c:\program files (x86)\renesas\hew\tools\renesas\nc30wa\v545r01\lib30\nc30lib.lib)
	Jan  6 15:04:55 2010

print (c:\program files (x86)\renesas\hew\tools\renesas\nc30wa\v545r01\lib30\nc30lib.lib)
	Jan  6 15:05:08 2010

printf (c:\program files (x86)\renesas\hew\tools\renesas\nc30wa\v545r01\lib30\nc30lib.lib)
	Jan  6 15:05:08 2010

strlen (c:\program files (x86)\renesas\hew\tools\renesas\nc30wa\v545r01\lib30\nc30lib.lib)
	Jan  6 15:05:12 2010

_f8eq (c:\program files (x86)\renesas\hew\tools\renesas\nc30wa\v545r01\lib30\nc30lib.lib)
	Jan  6 15:04:36 2010

_f8ge (c:\program files (x86)\renesas\hew\tools\renesas\nc30wa\v545r01\lib30\nc30lib.lib)
	Jan  6 15:04:36 2010

_f8lt (c:\program files (x86)\renesas\hew\tools\renesas\nc30wa\v545r01\lib30\nc30lib.lib)
	Jan  6 15:04:36 2010

_f8mul (c:\program files (x86)\renesas\hew\tools\renesas\nc30wa\v545r01\lib30\nc30lib.lib)
	Jan  6 15:04:36 2010

_f8ne (c:\program files (x86)\renesas\hew\tools\renesas\nc30wa\v545r01\lib30\nc30lib.lib)
	Jan  6 15:04:37 2010

_i4modu (c:\program files (x86)\renesas\hew\tools\renesas\nc30wa\v545r01\lib30\nc30lib.lib)
	Jan  6 15:04:39 2010

_i8divu (c:\program files (x86)\renesas\hew\tools\renesas\nc30wa\v545r01\lib30\nc30lib.lib)
	Jan  6 15:04:39 2010

_i8modu (c:\program files (x86)\renesas\hew\tools\renesas\nc30wa\v545r01\lib30\nc30lib.lib)
	Jan  6 15:04:40 2010

cdata (c:\program files (x86)\renesas\hew\tools\renesas\nc30wa\v545r01\lib30\nc30lib.lib)
	Jan  6 15:04:44 2010

device (c:\program files (x86)\renesas\hew\tools\renesas\nc30wa\v545r01\lib30\nc30lib.lib)
	Jan  6 15:04:45 2010

fgetc (c:\program files (x86)\renesas\hew\tools\renesas\nc30wa\v545r01\lib30\nc30lib.lib)
	Jan  6 15:04:46 2010


##########################################
# (2) SECTION INFORMATION                #
##########################################
# SECTION                        ATR TYPE    START  LENGTH ALIGN MODULENAME
data_SE                          ABS DATA    000400 000000       ncrt0
bss_SE                           REL DATA    000400 000000 2     ncrt0
data_SO                          REL DATA    000400 000000       ncrt0
bss_SO                           REL DATA    000400 000000       ncrt0
data_NE                          REL DATA    000400 000000 2     ncrt0
                                 REL DATA    000400 000008 2     appUSB
                                 REL DATA    000408 000002 2     usb_cdc
                                 REL DATA    00040A 00002C 2     usb_core
                                 REL DATA    000436 00004A 2     usb_hal
                                 REL DATA    000480 000010 2     mdata
bss_NE                           REL DATA    000490 000000 2     ncrt0
                                 REL DATA    000490 000204 2     appUSB
                                 REL DATA    000694 000902 2     drvIR
                                 REL DATA    000F96 00025E 2     drvTPiDE
                                 REL DATA    0011F4 00004A 2     IIC
                                 REL DATA    00123E 000004 2     IIC_HAL_MM_M16C6C
                                 REL DATA    001242 000004 2     IIC_HAL_UART_M16C6C
                                 REL DATA    001246 000020 2     main
                                 REL DATA    001266 000008 2     usb_core
                                 REL DATA    00126E 000006 2     drvTimer
                                 REL DATA    001274 000004 2     fprintf
                                 REL DATA    001278 00003C 2     init
                                 REL DATA    0012B4 000008 2     mdata
                                 REL DATA    0012BC 000108 2     print
data_NO                          REL DATA    0013C4 000000       ncrt0
                                 REL DATA    0013C4 000013       usb_cdc
                                 REL DATA    0013D7 00000D       usb_hal
bss_NO                           REL DATA    0013E4 000000       ncrt0
                                 REL DATA    0013E4 000002       drvIR
                                 REL DATA    0013E6 000002       drvTPiDE
                                 REL DATA    0013E8 000004       IIC_HAL_UART_M16C6C
                                 REL DATA    0013EC 000001       main
                                 REL DATA    0013ED 00000E       usb_cdc
                                 REL DATA    0013FB 00026A       print
istack                           REL DATA    001666 000300 2     ncrt0
stack                            REL DATA    001966 000300 2     ncrt0
heap                             REL DATA    001C66 000300       ncrt0
rom_FE                           ABS ROMDATA 080000 000000       ncrt0
                                 REL ROMDATA 080000 00004E 2     drvBulkDescriptors
                                 REL ROMDATA 08004E 000014 2     IIC
                                 REL ROMDATA 080062 00003C 2     IIC_HAL_MM_M16C6C
                                 REL ROMDATA 08009E 00003C 2     IIC_HAL_UART_M16C6C
                                 REL ROMDATA 0800DA 000004 2     usb_core
rom_FO                           REL ROMDATA 0800DE 000000       ncrt0
                                 REL ROMDATA 0800DE 000043       drvBulkDescriptors
                                 REL ROMDATA 080121 000011       IIC
                                 REL ROMDATA 080132 000009       IIC_HAL_MM_M16C6C
                                 REL ROMDATA 08013B 000213       usb_cdc
                                 REL ROMDATA 08034E 0001E2       usb_core
                                 REL ROMDATA 080530 00053E       usb_hal
                                 REL ROMDATA 080A6E 00000A       print
                                 REL ROMDATA 080A78 000101       cdata
data_SEI                         REL ROMDATA 080B7A 000000 2     ncrt0
data_SOI                         REL ROMDATA 080B7A 000000       ncrt0
data_NEI                         REL ROMDATA 080B7A 000000 2     ncrt0
                                 REL ROMDATA 080B7A 000008       appUSB
                                 REL ROMDATA 080B82 000002       usb_cdc
                                 REL ROMDATA 080B84 00002C       usb_core
                                 REL ROMDATA 080BB0 00004A       usb_hal
                                 REL ROMDATA 080BFA 000010       mdata
data_NOI                         REL ROMDATA 080C0A 000000       ncrt0
                                 REL ROMDATA 080C0A 000013       usb_cdc
                                 REL ROMDATA 080C1D 00000D       usb_hal
program                          REL CODE    080C2A 000000 2     ncrt0
                                 REL CODE    080C2A 000158 2     appUSB
                                 REL CODE    080D82 000029 2     drvADC
                                 REL CODE    080DAC 00002F 2     drvGPIO
                                 REL CODE    080DDC 0000B7 2     drvIR
                                 REL CODE    080E94 00029A 2     drvLCD
                                 REL CODE    08112E 00004E 2     drvMCU
                                 REL CODE    08117C 0000B8 2     drvSPI
                                 REL CODE    081234 00090F 2     drvTPiDE
                                 REL CODE    081B44 000D36 2     IIC
                                 REL CODE    08287A 000021 2     IIC_HAL
                                 REL CODE    08289C 000467 2     IIC_HAL_MM_M16C6C
                                 REL CODE    082D04 00050E 2     IIC_HAL_UART_M16C6C
                                 REL CODE    083212 0001C4 2     main
                                 REL CODE    0833D6 000665 2     usb_cdc
                                 REL CODE    083A3C 000519 2     usb_core
                                 REL CODE    083F56 000CB1 2     usb_hal
                                 REL CODE    084C08 00004B 2     drvTimer
                                 REL CODE    084C54 00002B 2     drvTimer
                                 REL CODE    084C80 00004D 2     _i4divu
                                 REL CODE    084CCE 000003 2     abort
                                 REL CODE    084CD2 0000D3 2     fprintf
                                 REL CODE    084DA6 000080 2     fputc
                                 REL CODE    084E26 00009D 2     init
                                 REL CODE    084EC4 001969 2     print
                                 REL CODE    08682E 0000CD 2     printf
                                 REL CODE    0868FC 00002B 2     strlen
                                 REL CODE    086928 00007C 2     _f8eq
                                 REL CODE    0869A4 0000A7 2     _f8ge
                                 REL CODE    086A4C 0000A7 2     _f8lt
                                 REL CODE    086AF4 0002C7 2     _f8mul
                                 REL CODE    086DBC 00007C 2     _f8ne
                                 REL CODE    086E38 00004B 2     _i4modu
                                 REL CODE    086E84 0000F8 2     _i8divu
                                 REL CODE    086F7C 0000CF 2     _i8modu
                                 REL CODE    08704C 00011F 2     device
                                 REL CODE    08716C 000208 2     fgetc
interrupt                        REL CODE    087374 000000 2     ncrt0
                                 REL CODE    087374 0000A7       ncrt0
program_S                        REL CODE    08741C 000000 2     ncrt0
vector                           ABS ROMDATA 0FFD00 000100       ncrt0
fvector                          ABS ROMDATA 0FFFDC 000024       ncrt0
# Total -------------------------------------------------------------------
                                     DATA           001B65(0007013) Byte(s)
                                     ROMDATA        000D4D(0003405) Byte(s)
                                     CODE           0067F1(0026609) Byte(s)

##########################################
# VARIABLE VECTOR TABLE INFORMATION      #
##########################################
No.  Address               No.  Address               No.  Address
0    dummy_int             1    dummy_int             2    dummy_int             
3    dummy_int             4    dummy_int             5    dummy_int             
6    dummy_int             7    dummy_int             8    dummy_int             
9    dummy_int             10   dummy_int             11   dummy_int             
12   dummy_int             13   dummy_int             14   dummy_int             
15   dummy_int             16   dummy_int             17   dummy_int             
18   dummy_int             19   dummy_int             20   dummy_int             
21   _TimerA0Handler       22   dummy_int             23   _TimerA2Handler       
24   dummy_int             25   dummy_int             26   _TimerB0InterruptHandler  
27   dummy_int             28   dummy_int             29   dummy_int             
30   _INT1Handler          31   dummy_int             32   dummy_int             
33   dummy_int             34   dummy_int             35   dummy_int             
36   dummy_int             37   dummy_int             38   dummy_int             
39   dummy_int             40   dummy_int             41   dummy_int             
42   dummy_int             43   dummy_int             44   dummy_int             
45   dummy_int             46   dummy_int             47   dummy_int             
48   dummy_int             49   dummy_int             50   dummy_int             
51   dummy_int             52   dummy_int             53   dummy_int             
54   __usb_int0            55   __usb_int1            56   __usb_resume          
57   dummy_int             58   dummy_int             59   _IIC_HAL_MM_Int       
60   dummy_int             61   dummy_int             62   dummy_int             
63   dummy_int             

##########################################
# (3) GLOBAL LABEL INFORMATION           #
##########################################
$CBDoneBulkRead    080d3a  $CB_Done_Dummy     0826be  $CB_Read_Dummy     0826c6
$IIC_Close         081c78  $IIC_GetStatus     082074  $IIC_HAL_Get_API   08287a
$IIC_Open          081b5a  $IIC_Read          081fb2  $IIC_Reset         081cf0
$IIC_SetCallBack   081e10  $IIC_SetSlaveAdd   081e46  $IIC_SlaveConfig   082640
$IIC_Stop          08202a  $IIC_WaitComplet   0820a2  $IIC_Write         081e88
$IIC_WriteNoStar   081f30  $IIC_WriteNoStop   081edc  $USBCDC_PutChar    0834d8
$USBCORE_Init      083a3c  $USBHAL_Cancel     0842fc  $USBHAL_Control_   083ff0
$USBHAL_Control_   08404e  $_f8geti           086502  $_inmod            086712
$_pput             087124  $_sput             08710a  $drvADC_Go         080d92
$drvLCD_WriteCom   08105e  $drvLCD_WriteCom   08108a  $drvLCD_WriteDat   0810ce
$drvLCD_WriteDat   0810f2  $drvSPI_Init       08117c  $drvTimerB0Count   084c1a
$drvTimer_Init     084c54  $exit              087418  $fputc             084da6
$henkan1           08635e  $henkan2           0863a0  $init_dev          08704c
$speed             08706e  _CB_Start_Dummy    0826bc  _CB_Write_Dummy    0826ce
_IIC_HAL_MM_Get_   08289c  _IIC_HAL_MM_Int    082996  _IIC_HAL_UART_Ge   082d04
_IIC_HAL_UART_In   082ea0  _IIC_HAL_UART_In   082eae  _IIC_HAL_UART_In   082e8e
_INT1Handler       080e12  _TimerA0Handler    084c76  _TimerA2Handler    080e1a
_TimerB0Interrup   084c42  _TimerInterruptH   08337e  _USBCDC_Cancel     083680
_USBCDC_GetChar    0834ae  _USBCDC_Init       0833d6  _USBCDC_IsConnec   08346c
_USBCDC_IsOnLine   083470  _USBCDC_Read       0835b2  _USBCDC_Read_Asy   083628
_USBCDC_Write      0834f6  _USBCDC_WriteStr   08347c  _USBCDC_Write_As   08355a
_USBHALInterrupt   08479a  _USBHALInterrupt   084838  _USBHALInterrupt   084854
_USBHAL_Bulk_IN    084148  _USBHAL_Bulk_IN_   084270  _USBHAL_Bulk_OUT   0840bc
_USBHAL_Bulk_OUT   084288  _USBHAL_Config_G   0842b8  _USBHAL_Config_S   0842c2
_USBHAL_Control_   083fc4  _USBHAL_Control_   084258  _USBHAL_Init       083f70
_USBHAL_Interrup   0841d0  _USBHAL_Interrup   0842a0  _USBHAL_Reset      08439a
__ctype            080a78  __f8eq             086928  __f8ge             0869a4
__f8lt             086a4c  __f8mul            086af4  __f8ne             086dbc
__f8prn            085e02  __i4divU           084c80  __i4modU           086e38
__i8divU           086e84  __i8modU           086f7c  __init             084e26
__iob              001278  __memt             000488  __mnext            0012b4
__msize            0012b8  __pool             000480  __pri              0863f4
__print            084ec4  __sget             0870fa  __usb_int0         080d54
__usb_int1         080d5e  __usb_resume       080d68  _abort             084cce
_appGetChar        080c3c  _appKbHit          080c2a  _appPutBuf         080cbc
_appUSBWrite       080cf4  _appUSB_IsIdle     080d2c  _drvADC_Init       080d82
_drvGPIO_Init      080dac  _drvIR_Init        080ddc  _drvLCD_Init       080e94
_drvMCU_IE         081176  _drvMCU_Init       08112e  _drvSPI_Go         0811ec
_drvTPiDE_Init     081234  _drvTPiDE_Schedu   08126a  _drvTPiDE_Tickin   08174e
_drvTimerB0Count   084c14  _drvTimerB0RunTi   084c28  _drvTimerB0RunTi   084c32
_drvTimerB0Start   084c0e  _drvTimerB0Stop    084c08  _exit              087418
_fgetc             08716c  _fprintf           084cd2  _gConfigurationD   080006
_gDeviceDescript   080000  _gStringDescript   0800da  _gStringDescript   08000c
_gStringDescript   080012  _gStringDescript   080018  _g_acISPBuf        000494
_g_awIrCapture     000796  _g_awIrPattern     000696  _g_cIrRecorded     0013e4
_g_cTPiDE          0013e6  _g_dwRxSize        000490  _g_pacInfo         000f98
_g_wCaptureCnt     000694  _g_wInfoCnt        000f96  _gau8ConfigDescr   0800de
_gau8DeviceDescr   08001e  _gau8ProductStri   08003a  _gau8StringSeria   080044
_gau8VendorStrin   080030  _halIICGetStatus   081b44  _halIsUSBConfigO   083f66
_halIsUSBDetach    083f5c  _halUSBDetach      083f56  _main              083212
_printf            08682e  _strlen            0868fc  dummy_int          08741a
start              087374  

##########################################
# (4) GLOBAL EQU SYMBOL INFORMATION      #
##########################################
__SB__           00000400  

##########################################
# (5) GLOBAL EQU BIT-SYMBOL INFORMATION  #
##########################################

##########################################
# (6) LOCAL LABEL INFORMATION            #
##########################################
@ ncrt0 ( D:\GitHub\TPiBridge\TPiBridge\Debug\ncrt0.r30 )
@ appUSB ( D:\GitHub\TPiBridge\iLib\appUSB.r30 )
@ drvADC ( D:\GitHub\TPiBridge\TPiBridge\Debug\drvADC.r30 )
@ drvBulkDescriptors ( D:\GitHub\TPiBridge\iLib\drvBulkDescriptors.r30 )
@ drvGPIO ( D:\GitHub\TPiBridge\TPiBridge\Debug\drvGPIO.r30 )
@ drvIR ( D:\GitHub\TPiBridge\TPiBridge\Debug\drvIR.r30 )
@ drvLCD ( D:\GitHub\TPiBridge\TPiBridge\Debug\drvLCD.r30 )
@ drvMCU ( D:\GitHub\TPiBridge\TPiBridge\Debug\drvMCU.r30 )
@ drvSPI ( D:\GitHub\TPiBridge\TPiBridge\Debug\drvSPI.r30 )
@ drvTPiDE ( D:\GitHub\TPiBridge\iLib\drvTPiDE.r30 )
@ IIC ( D:\GitHub\TPiBridge\iLib\IIC.r30 )
@ IIC_HAL ( D:\GitHub\TPiBridge\iLib\IIC_HAL.r30 )
@ IIC_HAL_MM_M16C6C ( D:\GitHub\TPiBridge\iLib\IIC_HAL_MM_M16C6C.r30 )
@ IIC_HAL_UART_M16C6C ( D:\GitHub\TPiBridge\iLib\IIC_HAL_UART_M16C6C.r30 )
@ main ( D:\GitHub\TPiBridge\TPiBridge\Debug\main.r30 )
@ usb_cdc ( D:\GitHub\TPiBridge\iLib\usb_cdc.r30 )
@ usb_core ( D:\GitHub\TPiBridge\iLib\usb_core.r30 )
@ usb_hal ( D:\GitHub\TPiBridge\iLib\usb_hal.r30 )
@ drvTimer ( D:\GitHub\TPiBridge\iLib\drvTimer.r30 )
@ drvTimer ( D:\GitHub\TPiBridge\TPiBridge\Debug\drvTimer.r30 )
@ _i4divu ( c:\program files (x86)\renesas\hew\tools\renesas\nc30wa\v545r01\lib30\nc30lib.lib )
@ abort ( c:\program files (x86)\renesas\hew\tools\renesas\nc30wa\v545r01\lib30\nc30lib.lib )
@ fprintf ( c:\program files (x86)\renesas\hew\tools\renesas\nc30wa\v545r01\lib30\nc30lib.lib )
@ fputc ( c:\program files (x86)\renesas\hew\tools\renesas\nc30wa\v545r01\lib30\nc30lib.lib )
@ init ( c:\program files (x86)\renesas\hew\tools\renesas\nc30wa\v545r01\lib30\nc30lib.lib )
@ mdata ( c:\program files (x86)\renesas\hew\tools\renesas\nc30wa\v545r01\lib30\nc30lib.lib )
@ print ( c:\program files (x86)\renesas\hew\tools\renesas\nc30wa\v545r01\lib30\nc30lib.lib )
@ printf ( c:\program files (x86)\renesas\hew\tools\renesas\nc30wa\v545r01\lib30\nc30lib.lib )
@ strlen ( c:\program files (x86)\renesas\hew\tools\renesas\nc30wa\v545r01\lib30\nc30lib.lib )
@ _f8eq ( c:\program files (x86)\renesas\hew\tools\renesas\nc30wa\v545r01\lib30\nc30lib.lib )
@ _f8ge ( c:\program files (x86)\renesas\hew\tools\renesas\nc30wa\v545r01\lib30\nc30lib.lib )
@ _f8lt ( c:\program files (x86)\renesas\hew\tools\renesas\nc30wa\v545r01\lib30\nc30lib.lib )
@ _f8mul ( c:\program files (x86)\renesas\hew\tools\renesas\nc30wa\v545r01\lib30\nc30lib.lib )
@ _f8ne ( c:\program files (x86)\renesas\hew\tools\renesas\nc30wa\v545r01\lib30\nc30lib.lib )
@ _i4modu ( c:\program files (x86)\renesas\hew\tools\renesas\nc30wa\v545r01\lib30\nc30lib.lib )
@ _i8divu ( c:\program files (x86)\renesas\hew\tools\renesas\nc30wa\v545r01\lib30\nc30lib.lib )
@ _i8modu ( c:\program files (x86)\renesas\hew\tools\renesas\nc30wa\v545r01\lib30\nc30lib.lib )
@ cdata ( c:\program files (x86)\renesas\hew\tools\renesas\nc30wa\v545r01\lib30\nc30lib.lib )
@ device ( c:\program files (x86)\renesas\hew\tools\renesas\nc30wa\v545r01\lib30\nc30lib.lib )
@ fgetc ( c:\program files (x86)\renesas\hew\tools\renesas\nc30wa\v545r01\lib30\nc30lib.lib )

##########################################
# (7) LOCAL EQU SYMBOL INFORMATION       #
##########################################
@ ncrt0 ( D:\GitHub\TPiBridge\TPiBridge\Debug\ncrt0.r30 )
@ appUSB ( D:\GitHub\TPiBridge\iLib\appUSB.r30 )
@ drvADC ( D:\GitHub\TPiBridge\TPiBridge\Debug\drvADC.r30 )
@ drvBulkDescriptors ( D:\GitHub\TPiBridge\iLib\drvBulkDescriptors.r30 )
@ drvGPIO ( D:\GitHub\TPiBridge\TPiBridge\Debug\drvGPIO.r30 )
@ drvIR ( D:\GitHub\TPiBridge\TPiBridge\Debug\drvIR.r30 )
@ drvLCD ( D:\GitHub\TPiBridge\TPiBridge\Debug\drvLCD.r30 )
@ drvMCU ( D:\GitHub\TPiBridge\TPiBridge\Debug\drvMCU.r30 )
@ drvSPI ( D:\GitHub\TPiBridge\TPiBridge\Debug\drvSPI.r30 )
@ drvTPiDE ( D:\GitHub\TPiBridge\iLib\drvTPiDE.r30 )
@ IIC ( D:\GitHub\TPiBridge\iLib\IIC.r30 )
@ IIC_HAL ( D:\GitHub\TPiBridge\iLib\IIC_HAL.r30 )
@ IIC_HAL_MM_M16C6C ( D:\GitHub\TPiBridge\iLib\IIC_HAL_MM_M16C6C.r30 )
@ IIC_HAL_UART_M16C6C ( D:\GitHub\TPiBridge\iLib\IIC_HAL_UART_M16C6C.r30 )
@ main ( D:\GitHub\TPiBridge\TPiBridge\Debug\main.r30 )
@ usb_cdc ( D:\GitHub\TPiBridge\iLib\usb_cdc.r30 )
@ usb_core ( D:\GitHub\TPiBridge\iLib\usb_core.r30 )
@ usb_hal ( D:\GitHub\TPiBridge\iLib\usb_hal.r30 )
@ drvTimer ( D:\GitHub\TPiBridge\iLib\drvTimer.r30 )
@ drvTimer ( D:\GitHub\TPiBridge\TPiBridge\Debug\drvTimer.r30 )
@ _i4divu ( c:\program files (x86)\renesas\hew\tools\renesas\nc30wa\v545r01\lib30\nc30lib.lib )
@ abort ( c:\program files (x86)\renesas\hew\tools\renesas\nc30wa\v545r01\lib30\nc30lib.lib )
@ fprintf ( c:\program files (x86)\renesas\hew\tools\renesas\nc30wa\v545r01\lib30\nc30lib.lib )
@ fputc ( c:\program files (x86)\renesas\hew\tools\renesas\nc30wa\v545r01\lib30\nc30lib.lib )
@ init ( c:\program files (x86)\renesas\hew\tools\renesas\nc30wa\v545r01\lib30\nc30lib.lib )
@ mdata ( c:\program files (x86)\renesas\hew\tools\renesas\nc30wa\v545r01\lib30\nc30lib.lib )
@ print ( c:\program files (x86)\renesas\hew\tools\renesas\nc30wa\v545r01\lib30\nc30lib.lib )
@ printf ( c:\program files (x86)\renesas\hew\tools\renesas\nc30wa\v545r01\lib30\nc30lib.lib )
@ strlen ( c:\program files (x86)\renesas\hew\tools\renesas\nc30wa\v545r01\lib30\nc30lib.lib )
@ _f8eq ( c:\program files (x86)\renesas\hew\tools\renesas\nc30wa\v545r01\lib30\nc30lib.lib )
@ _f8ge ( c:\program files (x86)\renesas\hew\tools\renesas\nc30wa\v545r01\lib30\nc30lib.lib )
@ _f8lt ( c:\program files (x86)\renesas\hew\tools\renesas\nc30wa\v545r01\lib30\nc30lib.lib )
@ _f8mul ( c:\program files (x86)\renesas\hew\tools\renesas\nc30wa\v545r01\lib30\nc30lib.lib )
@ _f8ne ( c:\program files (x86)\renesas\hew\tools\renesas\nc30wa\v545r01\lib30\nc30lib.lib )
@ _i4modu ( c:\program files (x86)\renesas\hew\tools\renesas\nc30wa\v545r01\lib30\nc30lib.lib )
@ _i8divu ( c:\program files (x86)\renesas\hew\tools\renesas\nc30wa\v545r01\lib30\nc30lib.lib )
@ _i8modu ( c:\program files (x86)\renesas\hew\tools\renesas\nc30wa\v545r01\lib30\nc30lib.lib )
@ cdata ( c:\program files (x86)\renesas\hew\tools\renesas\nc30wa\v545r01\lib30\nc30lib.lib )
@ device ( c:\program files (x86)\renesas\hew\tools\renesas\nc30wa\v545r01\lib30\nc30lib.lib )
@ fgetc ( c:\program files (x86)\renesas\hew\tools\renesas\nc30wa\v545r01\lib30\nc30lib.lib )

##########################################
# (8) LOCAL EQU BIT-SYMBOL INFORMATION   #
##########################################
@ ncrt0 ( D:\GitHub\TPiBridge\TPiBridge\Debug\ncrt0.r30 )
@ appUSB ( D:\GitHub\TPiBridge\iLib\appUSB.r30 )
@ drvADC ( D:\GitHub\TPiBridge\TPiBridge\Debug\drvADC.r30 )
@ drvBulkDescriptors ( D:\GitHub\TPiBridge\iLib\drvBulkDescriptors.r30 )
@ drvGPIO ( D:\GitHub\TPiBridge\TPiBridge\Debug\drvGPIO.r30 )
@ drvIR ( D:\GitHub\TPiBridge\TPiBridge\Debug\drvIR.r30 )
@ drvLCD ( D:\GitHub\TPiBridge\TPiBridge\Debug\drvLCD.r30 )
@ drvMCU ( D:\GitHub\TPiBridge\TPiBridge\Debug\drvMCU.r30 )
@ drvSPI ( D:\GitHub\TPiBridge\TPiBridge\Debug\drvSPI.r30 )
@ drvTPiDE ( D:\GitHub\TPiBridge\iLib\drvTPiDE.r30 )
@ IIC ( D:\GitHub\TPiBridge\iLib\IIC.r30 )
@ IIC_HAL ( D:\GitHub\TPiBridge\iLib\IIC_HAL.r30 )
@ IIC_HAL_MM_M16C6C ( D:\GitHub\TPiBridge\iLib\IIC_HAL_MM_M16C6C.r30 )
@ IIC_HAL_UART_M16C6C ( D:\GitHub\TPiBridge\iLib\IIC_HAL_UART_M16C6C.r30 )
@ main ( D:\GitHub\TPiBridge\TPiBridge\Debug\main.r30 )
@ usb_cdc ( D:\GitHub\TPiBridge\iLib\usb_cdc.r30 )
@ usb_core ( D:\GitHub\TPiBridge\iLib\usb_core.r30 )
@ usb_hal ( D:\GitHub\TPiBridge\iLib\usb_hal.r30 )
@ drvTimer ( D:\GitHub\TPiBridge\iLib\drvTimer.r30 )
@ drvTimer ( D:\GitHub\TPiBridge\TPiBridge\Debug\drvTimer.r30 )
@ _i4divu ( c:\program files (x86)\renesas\hew\tools\renesas\nc30wa\v545r01\lib30\nc30lib.lib )
@ abort ( c:\program files (x86)\renesas\hew\tools\renesas\nc30wa\v545r01\lib30\nc30lib.lib )
@ fprintf ( c:\program files (x86)\renesas\hew\tools\renesas\nc30wa\v545r01\lib30\nc30lib.lib )
@ fputc ( c:\program files (x86)\renesas\hew\tools\renesas\nc30wa\v545r01\lib30\nc30lib.lib )
@ init ( c:\program files (x86)\renesas\hew\tools\renesas\nc30wa\v545r01\lib30\nc30lib.lib )
@ mdata ( c:\program files (x86)\renesas\hew\tools\renesas\nc30wa\v545r01\lib30\nc30lib.lib )
@ print ( c:\program files (x86)\renesas\hew\tools\renesas\nc30wa\v545r01\lib30\nc30lib.lib )
@ printf ( c:\program files (x86)\renesas\hew\tools\renesas\nc30wa\v545r01\lib30\nc30lib.lib )
@ strlen ( c:\program files (x86)\renesas\hew\tools\renesas\nc30wa\v545r01\lib30\nc30lib.lib )
@ _f8eq ( c:\program files (x86)\renesas\hew\tools\renesas\nc30wa\v545r01\lib30\nc30lib.lib )
@ _f8ge ( c:\program files (x86)\renesas\hew\tools\renesas\nc30wa\v545r01\lib30\nc30lib.lib )
@ _f8lt ( c:\program files (x86)\renesas\hew\tools\renesas\nc30wa\v545r01\lib30\nc30lib.lib )
@ _f8mul ( c:\program files (x86)\renesas\hew\tools\renesas\nc30wa\v545r01\lib30\nc30lib.lib )
@ _f8ne ( c:\program files (x86)\renesas\hew\tools\renesas\nc30wa\v545r01\lib30\nc30lib.lib )
@ _i4modu ( c:\program files (x86)\renesas\hew\tools\renesas\nc30wa\v545r01\lib30\nc30lib.lib )
@ _i8divu ( c:\program files (x86)\renesas\hew\tools\renesas\nc30wa\v545r01\lib30\nc30lib.lib )
@ _i8modu ( c:\program files (x86)\renesas\hew\tools\renesas\nc30wa\v545r01\lib30\nc30lib.lib )
@ cdata ( c:\program files (x86)\renesas\hew\tools\renesas\nc30wa\v545r01\lib30\nc30lib.lib )
@ device ( c:\program files (x86)\renesas\hew\tools\renesas\nc30wa\v545r01\lib30\nc30lib.lib )
@ fgetc ( c:\program files (x86)\renesas\hew\tools\renesas\nc30wa\v545r01\lib30\nc30lib.lib )

*** Mapping List ***

SECTION                            START      END         SIZE   ALIGN

data_SE
                                  00000400  00000400         0   1
bss_SE
                                  00000400  00000400         0   2
data_SO
                                  00000400  00000400         0   1
bss_SO
                                  00000400  00000400         0   1
data_NE
                                  00000400  0000048f        90   2
bss_NE
                                  00000490  000013c3       f34   2
data_NO
                                  000013c4  000013e3        20   1
bss_NO
                                  000013e4  00001664       281   1
istack
                                  00001666  00001965       300   2
stack
                                  00001966  00001c65       300   2
heap
                                  00001c66  00001f65       300   1
rom_FE
                                  00080000  000800dd        de   1
rom_FO
                                  000800de  00080b78       a9b   1
data_SEI
                                  00080b7a  00080b7a         0   2
data_SOI
                                  00080b7a  00080b7a         0   1
data_NEI
                                  00080b7a  00080c09        90   2
data_NOI
                                  00080c0a  00080c29        20   1
program
                                  00080c2a  00087373      674a   2
interrupt
                                  00087374  0008741a        a7   2
program_S
                                  0008741c  0008741c         0   2
vector
                                  000ffd00  000ffdff       100   1
fvector
                                  000fffdc  000fffff        24   1

*** Symbol List ***

SECTION=
FILE=                               START        END    SIZE
  SYMBOL                            ADDR        SIZE    INFO      COUNTS  OPT

SECTION=data_SE
FILE=ncrt0
                                  00000400  00000400         0
  __SB__
                                  00000400         0   none ,g         0

SECTION=data_NE
FILE=mdata
                                  00000480  0000048f        10
  __memt
                                  00000488         0   none ,g         0
  __pool
                                  00000480         0   none ,g         0

SECTION=bss_NE
FILE=ncrt0
                                  00000490  00000490         0
  _g_dwRxSize
                                  00000490         0   none ,g         0

FILE=D:/GitHub/TPiBridge/iDrv/drvIR
                                  00000694  00000f95       902
  _g_wCaptureCnt
                                  00000694         2   data ,g         0
  _g_awIrPattern
                                  00000696       100   data ,g         0
  _g_awIrCapture
                                  00000796       800   data ,g         0

FILE=init
                                  00001278  000012b3        3c
  __iob
                                  00001278         0   none ,g         0

FILE=mdata
                                  000012b4  000012bb         8
  __mnext
                                  000012b4         0   none ,g         0
  __msize
                                  000012b8         0   none ,g         0

FILE=appUSB
                                  00000490  00000693       204
  _g_acISPBuf
                                  00000494         0   none ,g         0

FILE=drvTPiDE
                                  00000f96  000011f3       25e
  _g_pacInfo
                                  00000f98         0   none ,g         0
  _g_wInfoCnt
                                  00000f96         0   none ,g         0

SECTION=bss_NO
FILE=ncrt0
                                  000013e4  000013e4         0
  _g_cIrRecorded
                                  000013e4         1   data ,g         0

FILE=drvTPiDE
                                  000013e6  000013e7         2
  _g_cTPiDE
                                  000013e6         0   none ,g         0

SECTION=rom_FE
FILE=ncrt0
                                  00080000  00080000         0
  _gDeviceDescriptor
                                  00080000         0   none ,g         0

FILE=drvBulkDescriptors
                                  00080000  0008004d        4e
  _gConfigurationDescriptor
                                  00080006         0   none ,g         0
  _gStringDescriptorManufacturer
                                  0008000c         0   none ,g         0
  _gStringDescriptorProduct
                                  00080012         0   none ,g         0
  _gStringDescriptorSerialNum
                                  00080018         0   none ,g         0
  _gau8DeviceDescriptor_BULK
                                  0008001e         0   none ,g         0
  _gau8ProductStringDescriptor_BULK
                                  0008003a         0   none ,g         0
  _gau8StringSerial
                                  00080044         0   none ,g         0
  _gau8VendorStringDescriptor_BULK
                                  00080030         0   none ,g         0

FILE=usb_core
                                  000800da  000800dd         4
  _gStringDescriptorLanguageIDsData
                                  000800da         0   none ,g         0

SECTION=rom_FO
FILE=ncrt0
                                  000800de  000800de         0
  _gau8ConfigDescriptor_BULK
                                  000800de         0   none ,g         0

FILE=cdata
                                  00080a78  00080b78       101
  __ctype
                                  00080a78         0   none ,g         0

SECTION=program
FILE=ncrt0
                                  00080c2a  00080c2a         0
  _appKbHit
                                  00080c2a         0   none ,g         0

FILE=D:/GitHub/TPiBridge/iDrv/drvADC
                                  00080d82  00080daa        29
  _drvADC_Init
                                  00080d82        10   func ,g         0
  $drvADC_Go
                                  00080d92        19   func ,g         0

FILE=D:/GitHub/TPiBridge/iDrv/drvGPIO
                                  00080dac  00080dda        2f
  _drvGPIO_Init
                                  00080dac        2f   func ,g         0

FILE=D:/GitHub/TPiBridge/iDrv/drvIR
                                  00080ddc  00080e92        b7
  _drvIR_Init
                                  00080ddc        36   func ,g         0
  _INT1Handler
                                  00080e12         8   func ,g         0
  _TimerA2Handler
                                  00080e1a         8   func ,g         0

FILE=D:/GitHub/TPiBridge/iDrv/drvLCD
                                  00080e94  0008112d       29a
  _drvLCD_Init
                                  00080e94       1c9   func ,g         0
  $drvLCD_WriteCommand
                                  0008105e        2d   func ,g         0
  $drvLCD_WriteCommandN
                                  0008108a        44   func ,g         0
  $drvLCD_WriteData
                                  000810ce        24   func ,g         0
  $drvLCD_WriteDataN
                                  000810f2        3c   func ,g         0

FILE=D:/GitHub/TPiBridge/iDrv/drvMCU
                                  0008112e  0008117b        4e
  _drvMCU_Init
                                  0008112e        48   func ,g         0
  _drvMCU_IE
                                  00081176         6   func ,g         0

FILE=D:/GitHub/TPiBridge/iDrv/drvSPI
                                  0008117c  00081233        b8
  $drvSPI_Init
                                  0008117c        70   func ,g         0
  _drvSPI_Go
                                  000811ec        48   func ,g         0

FILE=D:/GitHub/TPiBridge/iApp/main
                                  00083212  000833d5       1c4
  _main
                                  00083212       16b   func ,g         0

FILE=D:/GitHub/TPiBridge/iDrv/drvTimer
                                  00084c08  00084c52        4b
  $drvTimerB0CountSet
                                  00084c1a         0   none ,g         0
  _TimerB0InterruptHandler
                                  00084c42         0   none ,g         0
  _drvTimerB0CountGet
                                  00084c14         0   none ,g         0
  _drvTimerB0RunTimeGet
                                  00084c28         0   none ,g         0
  _drvTimerB0RunTimeSet
                                  00084c32         0   none ,g         0
  _drvTimerB0Start
                                  00084c0e         0   none ,g         0
  _drvTimerB0Stop
                                  00084c08         0   none ,g         0

FILE=_i4divu
                                  00084c80  00084ccc        4d
  __i4divU
                                  00084c80        4d   func ,g         0

FILE=abort
                                  00084cce  00084cd0         3
  _abort
                                  00084cce         3   func ,g         0

FILE=fprintf
                                  00084cd2  00084da4        d3
  _fprintf
                                  00084cd2        c3   func ,g         0

FILE=fputc
                                  00084da6  00084e25        80
  $fputc
                                  00084da6        80   func ,g         0

FILE=init
                                  00084e26  00084ec2        9d
  __init
                                  00084e26        9d   func ,g         0

FILE=print
                                  00084ec4  0008682c      1969
  __print
                                  00084ec4       f3e   func ,g         0
  __f8prn
                                  00085e02       55b   func ,g         0
  $henkan1
                                  0008635e        42   func ,g         0
  $henkan2
                                  000863a0        55   func ,g         0
  __pri
                                  000863f4       10e   func ,g         0
  $_f8geti
                                  00086502       20f   func ,g         0

FILE=printf
                                  0008682e  000868fa        cd
  _printf
                                  0008682e        bd   func ,g         0

FILE=strlen
                                  000868fc  00086926        2b
  _strlen
                                  000868fc        2b   func ,g         0

FILE=_f8eq
                                  00086928  000869a3        7c
  __f8eq
                                  00086928        7c   func ,g         0

FILE=_f8ge
                                  000869a4  00086a4a        a7
  __f8ge
                                  000869a4        a7   func ,g         0

FILE=_f8lt
                                  00086a4c  00086af2        a7
  __f8lt
                                  00086a4c        a7   func ,g         0

FILE=_f8mul
                                  00086af4  00086dba       2c7
  __f8mul
                                  00086af4       2c7   func ,g         0

FILE=_f8ne
                                  00086dbc  00086e37        7c
  __f8ne
                                  00086dbc        7c   func ,g         0

FILE=_i4modu
                                  00086e38  00086e82        4b
  __i4modU
                                  00086e38        4b   func ,g         0

FILE=_i8divu
                                  00086e84  00086f7b        f8
  __i8divU
                                  00086e84        f8   func ,g         0

FILE=_i8modu
                                  00086f7c  0008704a        cf
  __i8modU
                                  00086f7c        cf   func ,g         0

FILE=device
                                  0008704c  0008716a       11f
  $init_dev
                                  0008704c        21   func ,g         0
  $speed
                                  0008706e        8d   func ,g         0
  __sget
                                  000870fa         f   func ,g         0
  $_sput
                                  0008710a        1b   func ,g         0
  $_pput
                                  00087124        47   func ,g         0

FILE=fgetc
                                  0008716c  00087373       208
  _fgetc
                                  0008716c       208   func ,g         0

FILE=appUSB
                                  00080c2a  00080d81       158
  $CBDoneBulkRead
                                  00080d3a         0   none ,g         0
  __usb_int0
                                  00080d54         0   none ,g         0
  __usb_int1
                                  00080d5e         0   none ,g         0
  __usb_resume
                                  00080d68         0   none ,g         0
  _appGetChar
                                  00080c3c         0   none ,g         0
  _appPutBuf
                                  00080cbc         0   none ,g         0
  _appUSBWrite
                                  00080cf4         0   none ,g         0
  _appUSB_IsIdle
                                  00080d2c         0   none ,g         0

FILE=drvTPiDE
                                  00081234  00081b42       90f
  _drvTPiDE_Init
                                  00081234         0   none ,g         0
  _drvTPiDE_Scheduler
                                  0008126a         0   none ,g         0
  _drvTPiDE_Ticking
                                  0008174e         0   none ,g         0

FILE=IIC
                                  00081b44  00082879       d36
  $CB_Done_Dummy
                                  000826be         0   none ,g         0
  $CB_Read_Dummy
                                  000826c6         0   none ,g         0
  $IIC_Close
                                  00081c78         0   none ,g         0
  $IIC_GetStatus
                                  00082074         0   none ,g         0
  $IIC_Open
                                  00081b5a         0   none ,g         0
  $IIC_Read
                                  00081fb2         0   none ,g         0
  $IIC_Reset
                                  00081cf0         0   none ,g         0
  $IIC_SetCallBackDone
                                  00081e10         0   none ,g         0
  $IIC_SetSlaveAddr
                                  00081e46         0   none ,g         0
  $IIC_SlaveConfig
                                  00082640         0   none ,g         0
  $IIC_Stop
                                  0008202a         0   none ,g         0
  $IIC_WaitComplete
                                  000820a2         0   none ,g         0
  $IIC_Write
                                  00081e88         0   none ,g         0
  $IIC_WriteNoStart
                                  00081f30         0   none ,g         0
  $IIC_WriteNoStop
                                  00081edc         0   none ,g         0
  _CB_Start_Dummy
                                  000826bc         0   none ,g         0
  _CB_Write_Dummy
                                  000826ce         0   none ,g         0
  _halIICGetStatus
                                  00081b44         0   none ,g         0

FILE=IIC_HAL
                                  0008287a  0008289a        21
  $IIC_HAL_Get_API
                                  0008287a         0   none ,g         0

FILE=IIC_HAL_MM_M16C6C
                                  0008289c  00082d02       467
  _IIC_HAL_MM_Get_API
                                  0008289c         0   none ,g         0
  _IIC_HAL_MM_Int
                                  00082996         0   none ,g         0

FILE=IIC_HAL_UART_M16C6C
                                  00082d04  00083211       50e
  _IIC_HAL_UART_Get_API
                                  00082d04         0   none ,g         0
  _IIC_HAL_UART_Int_ACK
                                  00082ea0         0   none ,g         0
  _IIC_HAL_UART_Int_NACK
                                  00082eae         0   none ,g         0
  _IIC_HAL_UART_Int_StopStart
                                  00082e8e         0   none ,g         0

FILE=usb_cdc
                                  000833d6  00083a3a       665
  $USBCDC_PutChar
                                  000834d8         0   none ,g         0
  _USBCDC_Cancel
                                  00083680         0   none ,g         0
  _USBCDC_GetChar
                                  000834ae         0   none ,g         0
  _USBCDC_Init
                                  000833d6         0   none ,g         0
  _USBCDC_IsConnected
                                  0008346c         0   none ,g         0
  _USBCDC_IsOnLine
                                  00083470         0   none ,g         0
  _USBCDC_Read
                                  000835b2         0   none ,g         0
  _USBCDC_Read_Async
                                  00083628         0   none ,g         0
  _USBCDC_Write
                                  000834f6         0   none ,g         0
  _USBCDC_WriteString
                                  0008347c         0   none ,g         0
  _USBCDC_Write_Async
                                  0008355a         0   none ,g         0

FILE=usb_core
                                  00083a3c  00083f54       519
  $USBCORE_Init
                                  00083a3c         0   none ,g         0

FILE=usb_hal
                                  00083f56  00084c06       cb1
  $USBHAL_Cancel
                                  000842fc         0   none ,g         0
  $USBHAL_Control_IN
                                  00083ff0         0   none ,g         0
  $USBHAL_Control_OUT
                                  0008404e         0   none ,g         0
  _USBHALInterruptHandler
                                  0008479a         0   none ,g         0
  _USBHALInterruptHandler2
                                  00084838         0   none ,g         0
  _USBHALInterruptResume
                                  00084854         0   none ,g         0
  _USBHAL_Bulk_IN
                                  00084148         0   none ,g         0
  _USBHAL_Bulk_IN_Stall
                                  00084270         0   none ,g         0
  _USBHAL_Bulk_OUT
                                  000840bc         0   none ,g         0
  _USBHAL_Bulk_OUT_Stall
                                  00084288         0   none ,g         0
  _USBHAL_Config_Get
                                  000842b8         0   none ,g         0
  _USBHAL_Config_Set
                                  000842c2         0   none ,g         0
  _USBHAL_Control_ACK
                                  00083fc4         0   none ,g         0
  _USBHAL_Control_Stall
                                  00084258         0   none ,g         0
  _USBHAL_Init
                                  00083f70         0   none ,g         0
  _USBHAL_Interrupt_IN
                                  000841d0         0   none ,g         0
  _USBHAL_Interrupt_IN_Stall
                                  000842a0         0   none ,g         0
  _USBHAL_Reset
                                  0008439a         0   none ,g         0
  _halIsUSBConfigOK
                                  00083f66         0   none ,g         0
  _halIsUSBDetach
                                  00083f5c         0   none ,g         0
  _halUSBDetach
                                  00083f56         0   none ,g         0

FILE=drvTimer
                                  00084c54  00084c7e        2b
  $drvTimer_Init
                                  00084c54        21   func ,g         0

SECTION=interrupt
FILE=ncrt0
                                  00087374  0008741a        a7
  $exit
                                  00087418         0   none ,g         0
  _exit
                                  00087418         0   none ,g         0
  dummy_int
                                  0008741a         0   none ,g         0

